WARNING: redefinition of constant GrugBot420._ENGINE_SIGIL_TABLE. This may fail, cause incorrect answers, or produce other errors.
WARNING: redefinition of constant GrugBot420.CAUSAL_VERBS. This may fail, cause incorrect answers, or produce other errors.
WARNING: redefinition of constant GrugBot420.SPATIAL_VERBS. This may fail, cause incorrect answers, or produce other errors.
WARNING: redefinition of constant GrugBot420.TEMPORAL_VERBS. This may fail, cause incorrect answers, or produce other errors.
WARNING: redefinition of constant GrugBot420.NODE_MAP. This may fail, cause incorrect answers, or produce other errors.
WARNING: redefinition of constant GrugBot420.COMMANDS. This may fail, cause incorrect answers, or produce other errors.
WARNING: redefinition of constant GrugBot420.NODE_LOCK. This may fail, cause incorrect answers, or produce other errors.
WARNING: redefinition of constant GrugBot420.ID_COUNTER. This may fail, cause incorrect answers, or produce other errors.
WARNING: redefinition of constant GrugBot420.HOPFIELD_CACHE. This may fail, cause incorrect answers, or produce other errors.
WARNING: redefinition of constant GrugBot420.HOPFIELD_CACHE_LOCK. This may fail, cause incorrect answers, or produce other errors.
WARNING: redefinition of constant GrugBot420.HOPFIELD_HIT_COUNTS. This may fail, cause incorrect answers, or produce other errors.
WARNING: redefinition of constant GrugBot420.ATTACHMENT_MAP. This may fail, cause incorrect answers, or produce other errors.
WARNING: redefinition of constant GrugBot420.ATTACHMENT_LOCK. This may fail, cause incorrect answers, or produce other errors.
WARNING: redefinition of constant GrugBot420.GROUP_MAP. This may fail, cause incorrect answers, or produce other errors.
WARNING: redefinition of constant GrugBot420.GROUP_LOCK. This may fail, cause incorrect answers, or produce other errors.
WARNING: redefinition of constant GrugBot420.GROUP_COUNTER. This may fail, cause incorrect answers, or produce other errors.
WARNING: redefinition of constant GrugBot420.NODE_TO_GROUP. This may fail, cause incorrect answers, or produce other errors.
WARNING: redefinition of constant GrugBot420.CHATTER_NODE_COOLDOWN. This may fail, cause incorrect answers, or produce other errors.
WARNING: redefinition of constant GrugBot420.CHATTER_NODE_COOLDOWN_LOCK. This may fail, cause incorrect answers, or produce other errors.
WARNING: redefinition of constant GrugBot420._LAST_FIRE_COUNTER. This may fail, cause incorrect answers, or produce other errors.
WARNING: redefinition of constant GrugBot420.STOPWORDS. This may fail, cause incorrect answers, or produce other errors.
WARNING: redefinition of constant GrugBot420.AIML_DROP_TABLE. This may fail, cause incorrect answers, or produce other errors.
WARNING: redefinition of constant GrugBot420.ALLOWED_RULE_TAGS. This may fail, cause incorrect answers, or produce other errors.
🧠 Default specimen detected at /workspace/grugbot420_repo/src/../grug-binary/default.specimen.gz — auto-loading...
  🧹 Wiping current cave state...
  ✅ Cave wiped clean. Beginning restore...
  🔢 ID counters restored (node=20, msg=38)
  🗳  Last voters restored (0 IDs)
  👁  Eye state restored
  🔧 Verb registry restored (5 classes, 22 verbs, 0 synonyms)
  🔤 Thesaurus restored (499 words)
  🧠 Lobes restored (7)
  📋 Lobe tables restored (7)
  🌱 Nodes restored (20)
  ⚡ Hopfield cache restored (0 entries)
  ⚙️  Rules restored (0)
  🚫 Inhibitions restored (0)
  💬 Messages restored (38 total, 3 pinned)
  👁  Arousal restored (level=0.3)
  🧬 BrainStem state restored
  🔗 Attachments restored (0)
  🔮 Trajectory restored (0 entries)
  🕐 Temporal coherence restored (0 entries)
  ⏳ Morph cooldowns restored (0 active)
  🛡 Immune system restored (0 signatures, 0 ledger entries)
  🤖 AIML system restored (0 nodes across 6 lobes)
  ✅ Default specimen restored.
    ╔══════════════════════════════════════════════════════════════╗
    ║            🧬 SPECIMEN LOADED SUCCESSFULLY                   ║
    ╠══════════════════════════════════════════════════════════════╣
      📁  File             : /workspace/grugbot420_repo/src/../grug-binary/default.specimen.gz
      📦  Compressed size  : 12556 bytes
      📄  JSON size        : 92213 bytes
  (Set GRUG_NO_AUTOLOAD=1 to skip this on next boot.)
System Online. Grug waiting at cave entrance for instructions.
Primary  : /mission <input>                    (text or image binary)
Feedback : /wrong                              (penalize last response voters)
Explicit : /explicit <cmd> [<node_id>] <input>
Grow     : /grow <lobe_id> <json_packet>      (plant node(s) into a lobe)
         :   • <lobe_id> is required — use `-` for unassigned pool
         :   • Single node: {"pattern":"...","action_packet":"...","data":{...}}
         :   • Multi node:  {"nodes":[{...},{...}]}
         :   • `data.system_prompt` defaults to "Grug speaks plainly." if absent
Rules    : /addRule <rule text> [prob=0.0-1.0]
           Tags: {MISSION}, {PRIMARY_ACTION}, {SURE_ACTIONS}, {UNSURE_ACTIONS},
                 {ALL_ACTIONS}, {CONFIDENCE}, {NODE_ID}, {MEMORY}, {LOBE_CONTEXT}
Memory   : /pin <text>
Nodes    : /nodes                              (show node map status)
Status   : /status                             (show chatter + system status)
Arousal  : /arousal <0.0-1.0>                 (set eye system arousal level)
Verbs    : /addVerb <verb> <class>             (add verb to relation class)
         : /addRelationClass <name>            (create new verb class bucket)
         : /addSynonym <canonical> <alias>     (normalize alias->canonical)
         : /listVerbs                          (show all verb classes + synonyms)
Lobes    : /newLobe <id> <subject>             (create a new subject lobe)
         : /connectLobes <id_a> <id_b>         (connect two lobes)
         : /lobeGrow <lobe_id> <json_packet>   (DEPRECATED — alias for /grow)
         : /lobes                              (list all lobes + node counts)
         : /tableStatus <lobe_id>              (show hash table chunks for a lobe)
         : /tableMatch <lobe_id> <chunk> <pat> (pattern-activate entries in chunk)
Thesaurus: /thesaurus <word1> | <word2>        (compare words/concepts dimensionally)
         : /thesaurus <w1> | <w2> :: <ctx1> :: <ctx2>  (with context lists)
NegThes  : /negativeThesaurus add|remove|list|check|flush
Attach   : /nodeAttach <lobe> <target> <id> <pat> ...  (attach nodes with relational fire patterns)
         : /nodeDetach <lobe> <target> <id>            (detach a node from target)
ImgAttach: /imgnodeAttach <lobe> <tgt> <id> <b64> [w h] (attach image node with SDF-based fire)
         : /imgnodeDetach <lobe> <target> <id>         (detach image node from target)
         : /attachments                         (show all node attachments)
Crystal  : /crystalize <lobe> <target> <attach>        (💎 mark attachment as sticky/user-locked)
         : /decrystalize <lobe> <target> <attach>      (🔓 remove sticky flag, restore coinflip)
Specimen : /saveSpecimen <filepath>            (save full cave state to compressed file)
         : /loadSpecimen <filepath>            (restore full cave state from compressed file)
Help     : /help                               (full command reference)

╔══════════════════════════════════════════════════════════════════╗
║  SPECIMEN SEEDING GUIDE (read before /grow)                     ║
╠══════════════════════════════════════════════════════════════════╣
║  Automatic neighbor latching is SUPPRESSED below 1000 nodes.   ║
║  Below that threshold, YOU control topology via drop_table.     ║
║                                                                  ║
║  For a coherent specimen from the start:                        ║
║  1. Seed ORTHOGONAL archetypes first - distinct semantic poles. ║
║     Don't plant 50 near-identical nodes up front.               ║
║  2. Use required_relations as semantic GATES from day one.      ║
║     Nodes that demand specific verbs won't fire on noise.       ║
║  3. Name action_packets deliberately - distinct action families ║
║     give the superposition orchestrator something to work with. ║
║  4. Wire drop_tables manually for known co-activation pairs.    ║
║     Don't rely on the latch system to discover semantics.       ║
║  5. Your first ~100 nodes are the specimen's DNA.               ║
║     The engine enforces structure at scale (1000+ nodes).       ║
║     You enforce MEANING at the start.                           ║
╚══════════════════════════════════════════════════════════════════╝

Brain > ╔══════════════════════════════════════════════════╗
║              GRUGBOT SYSTEM STATUS               ║
╠══════════════════════════════════════════════════╣
║  ENGINE                                          ║
  Nodes in cave   : 20
  Hopfield cache  : 0 entries
  Memory messages : 38
  Est. memory use : ~38 KB
  Trajectory buf  : 0 entries
  Temporal coher  : 0 entries
  Morph cooldowns : 0 active
  Current arousal : 0.3
  Last input ago  : 0.0s
║  LOBES                                           ║
  Lobes registered: 7
  Nodes in lobes  : 20
  Top lobe (fires): default (0 fires)
║  BRAINSTEM                                       ║
  Dispatches run  : 0
  Last winner     : none
  Propagations    : 0
  Is dispatching  : false
║  CHATTER                                         ║
  Chatter running : false
  Input queue     : 0 pending
  Sessions run    : 0
║  AIML NODE TRIBES                                ║
=== AIML NODE TRIBES (cycle=0) ===
  alert | pop=0/6666 | live=0 | grave=0
  comfort | pop=0/6666 | live=0 | grave=0
  explanation | pop=0/6666 | live=0 | grave=0
  greeting | pop=0/6666 | live=0 | grave=0
  reasoning | pop=0/6666 | live=0 | grave=0
  survival | pop=0/6666 | live=0 | grave=0
╚══════════════════════════════════════════════════╝

Brain > !!! SYSTEM ERROR: GrugBot420.Lobe.LobeError("Lobe 'greeting' already exists. Grug not make duplicate cave!", "create_lobe!") !!!

Stacktrace:
  [1] throw_lobe_error(msg::String, ctx::String)
    @ GrugBot420.Lobe /workspace/grugbot420_repo/src/Lobe.jl:32
  [2] (::GrugBot420.Lobe.var"#2#3"{Int64, String, String})()
    @ GrugBot420.Lobe /workspace/grugbot420_repo/src/Lobe.jl:85
  [3] lock(f::GrugBot420.Lobe.var"#2#3"{Int64, String, String}, l::ReentrantLock)
    @ Base ./lock.jl:229
  [4] create_lobe!(id::String, subject::String; node_cap::Int64)
    @ GrugBot420.Lobe /workspace/grugbot420_repo/src/Lobe.jl:83
  [5] create_lobe!
    @ /workspace/grugbot420_repo/src/Lobe.jl:73 [inlined]
  [6] run_cli()
    @ GrugBot420 /workspace/grugbot420_repo/src/Main.jl:5174
  [7] top-level scope
    @ none:1
  [8] eval
    @ ./boot.jl:385 [inlined]
  [9] exec_options(opts::Base.JLOptions)
    @ Base ./client.jl:291
 [10] _start()
    @ Base ./client.jl:552

Brain > !!! SYSTEM ERROR: GrugBot420.Lobe.LobeError("Lobe 'comfort' already exists. Grug not make duplicate cave!", "create_lobe!") !!!

Stacktrace:
  [1] throw_lobe_error(msg::String, ctx::String)
    @ GrugBot420.Lobe /workspace/grugbot420_repo/src/Lobe.jl:32
  [2] (::GrugBot420.Lobe.var"#2#3"{Int64, String, String})()
    @ GrugBot420.Lobe /workspace/grugbot420_repo/src/Lobe.jl:85
  [3] lock(f::GrugBot420.Lobe.var"#2#3"{Int64, String, String}, l::ReentrantLock)
    @ Base ./lock.jl:229
  [4] create_lobe!(id::String, subject::String; node_cap::Int64)
    @ GrugBot420.Lobe /workspace/grugbot420_repo/src/Lobe.jl:83
  [5] create_lobe!
    @ /workspace/grugbot420_repo/src/Lobe.jl:73 [inlined]
  [6] run_cli()
    @ GrugBot420 /workspace/grugbot420_repo/src/Main.jl:5174
  [7] top-level scope
    @ none:1
  [8] eval
    @ ./boot.jl:385 [inlined]
  [9] exec_options(opts::Base.JLOptions)
    @ Base ./client.jl:291
 [10] _start()
    @ Base ./client.jl:552

Brain > !!! SYSTEM ERROR: GrugBot420.Lobe.LobeError("Lobe 'survival' already exists. Grug not make duplicate cave!", "create_lobe!") !!!

Stacktrace:
  [1] throw_lobe_error(msg::String, ctx::String)
    @ GrugBot420.Lobe /workspace/grugbot420_repo/src/Lobe.jl:32
  [2] (::GrugBot420.Lobe.var"#2#3"{Int64, String, String})()
    @ GrugBot420.Lobe /workspace/grugbot420_repo/src/Lobe.jl:85
  [3] lock(f::GrugBot420.Lobe.var"#2#3"{Int64, String, String}, l::ReentrantLock)
    @ Base ./lock.jl:229
  [4] create_lobe!(id::String, subject::String; node_cap::Int64)
    @ GrugBot420.Lobe /workspace/grugbot420_repo/src/Lobe.jl:83
  [5] create_lobe!
    @ /workspace/grugbot420_repo/src/Lobe.jl:73 [inlined]
  [6] run_cli()
    @ GrugBot420 /workspace/grugbot420_repo/src/Main.jl:5174
  [7] top-level scope
    @ none:1
  [8] eval
    @ ./boot.jl:385 [inlined]
  [9] exec_options(opts::Base.JLOptions)
    @ Base ./client.jl:291
 [10] _start()
    @ Base ./client.jl:552

Brain > 🧠 Lobe 'math' created for subject: 'arithmetic calculation number compute'. Cap: 20000 nodes. AIML tribe registered (cap=6666).

Brain > 🧠 Lobe 'knowledge' created for subject: 'world fact nature animal element'. Cap: 20000 nodes. AIML tribe registered (cap=6666).

Brain > 🧠 Lobe 'identity' created for subject: 'who what self tribe cave rule'. Cap: 20000 nodes. AIML tribe registered (cap=6666).

Brain > 🔗 Lobes 'greeting' ↔ 'comfort' connected.

Brain > 🔗 Lobes 'survival' ↔ 'knowledge' connected.

Brain > 🔗 Lobes 'math' ↔ 'knowledge' connected.

Brain > 🔗 Lobes 'identity' ↔ 'comfort' connected.

Brain > 🗂  Relation class 'epistemic' created. Use /addVerb to populate.

Brain > 🗂  Relation class 'causal' created. Use /addVerb to populate.

Brain > 🗂  Relation class 'affective' created. Use /addVerb to populate.

Brain > 🔧 Verb 'implies' added to class 'epistemic'. Active immediately.

Brain > 🔧 Verb 'entails' added to class 'epistemic'. Active immediately.

Brain > 🔧 Verb 'causes' added to class 'causal'. Active immediately.

Brain > 🔧 Verb 'triggers' added to class 'causal'. Active immediately.

Brain > 🔧 Verb 'evokes' added to class 'affective'. Active immediately.

Brain > 🔧 Verb 'soothes' added to class 'affective'. Active immediately.

Brain > 📖 Synonym registered: 'provokes' → 'causes'. Normalization active.

Brain > 📖 Synonym registered: 'suggests' → 'implies'. Normalization active.

Brain > 📖 Synonym registered: 'calms' → 'soothes'. Normalization active.

Brain > === SEMANTIC VERB REGISTRY ===
  [action]: breaks, burns, hits
  [affective]: evokes, soothes
  [causal]: causes, contradicts, hits, increases, makes, reduces, routes, triggers
  [epistemic]: entails, implies, knows, thinks
  [spatial]: are, connects, is, on, sees, was, were
  [temporal]: chasing, follows, precedes
  --- Synonyms ---
    calms → soothes
    provokes → causes
    suggests → implies

Brain > ⚠  /lobeGrow is deprecated. Use: /grow greeting <packet>
🌱 Grew 1 node(s) into lobe 'greeting': [node_20]

Brain > ⚠  /lobeGrow is deprecated. Use: /grow greeting <packet>
🌱 Grew 1 node(s) into lobe 'greeting': [node_21]

Brain > ⚠  /lobeGrow is deprecated. Use: /grow greeting <packet>
🌱 Grew 1 node(s) into lobe 'greeting': [node_22]

Brain > ⚠  /lobeGrow is deprecated. Use: /grow comfort <packet>
🌱 Grew 1 node(s) into lobe 'comfort': [node_23]

Brain > ⚠  /lobeGrow is deprecated. Use: /grow comfort <packet>
🌱 Grew 1 node(s) into lobe 'comfort': [node_24]

Brain > ⚠  /lobeGrow is deprecated. Use: /grow comfort <packet>
🌱 Grew 1 node(s) into lobe 'comfort': [node_25]

Brain > ⚠  /lobeGrow is deprecated. Use: /grow comfort <packet>
🌱 Grew 1 node(s) into lobe 'comfort': [node_26]

Brain > ⚠  /lobeGrow is deprecated. Use: /grow survival <packet>
🌱 Grew 1 node(s) into lobe 'survival': [node_27]

Brain > ⚠  /lobeGrow is deprecated. Use: /grow survival <packet>
🌱 Grew 1 node(s) into lobe 'survival': [node_28]

Brain > ⚠  /lobeGrow is deprecated. Use: /grow survival <packet>
🌱 Grew 1 node(s) into lobe 'survival': [node_29]

Brain > ⚠  /lobeGrow is deprecated. Use: /grow survival <packet>
🌱 Grew 1 node(s) into lobe 'survival': [node_30]

Brain > ⚠  /lobeGrow is deprecated. Use: /grow math <packet>
🌱 Grew 1 node(s) into lobe 'math': [node_31]

Brain > ⚠  /lobeGrow is deprecated. Use: /grow math <packet>
🌱 Grew 1 node(s) into lobe 'math': [node_32]

Brain > ⚠  /lobeGrow is deprecated. Use: /grow math <packet>
🌱 Grew 1 node(s) into lobe 'math': [node_33]

Brain > ⚠  /lobeGrow is deprecated. Use: /grow knowledge <packet>
🌱 Grew 1 node(s) into lobe 'knowledge': [node_34]

Brain > ⚠  /lobeGrow is deprecated. Use: /grow knowledge <packet>
🌱 Grew 1 node(s) into lobe 'knowledge': [node_35]

Brain > ⚠  /lobeGrow is deprecated. Use: /grow knowledge <packet>
🌱 Grew 1 node(s) into lobe 'knowledge': [node_36]

Brain > ⚠  /lobeGrow is deprecated. Use: /grow knowledge <packet>
🌱 Grew 1 node(s) into lobe 'knowledge': [node_37]

Brain > ⚠  /lobeGrow is deprecated. Use: /grow knowledge <packet>
🌱 Grew 1 node(s) into lobe 'knowledge': [node_38]

Brain > ⚠  /lobeGrow is deprecated. Use: /grow knowledge <packet>
🌱 Grew 1 node(s) into lobe 'knowledge': [node_39]

Brain > ⚠  /lobeGrow is deprecated. Use: /grow identity <packet>
🌱 Grew 1 node(s) into lobe 'identity': [node_40]

Brain > ⚠  /lobeGrow is deprecated. Use: /grow identity <packet>
🌱 Grew 1 node(s) into lobe 'identity': [node_41]

Brain > ⚠  /lobeGrow is deprecated. Use: /grow identity <packet>
🌱 Grew 1 node(s) into lobe 'identity': [node_42]

Brain > ⚠  /lobeGrow is deprecated. Use: /grow identity <packet>
🌱 Grew 1 node(s) into lobe 'identity': [node_43]

Brain > ⚠  /lobeGrow is deprecated. Use: /grow identity <packet>
🌱 Grew 1 node(s) into lobe 'identity': [node_44]

Brain > ⚠  /lobeGrow is deprecated. Use: /grow identity <packet>
🌱 Grew 1 node(s) into lobe 'identity': [node_45]

Brain > [ENGINE] 🔗  Node 'node_21' attached to target 'node_20' with pattern "hello morning" (base_conf=0.383, 1/4 slots used).
[ENGINE] 🔗  Node 'node_22' attached to target 'node_20' with pattern "hello goodbye" (base_conf=0.3, 2/4 slots used).
🔗 /nodeAttach complete:
   → Attached 'node_21' to 'node_20' with pattern "hello morning" (base_conf=0.383, 1/4)
   → Attached 'node_22' to 'node_20' with pattern "hello goodbye" (base_conf=0.3, 2/4)

Brain > [ENGINE] 🔗  Node 'node_24' attached to target 'node_23' with pattern "sad worried" (base_conf=0.3, 1/4 slots used).
[ENGINE] 🔗  Node 'node_25' attached to target 'node_23' with pattern "sad lonely" (base_conf=0.3, 2/4 slots used).
🔗 /nodeAttach complete:
   → Attached 'node_24' to 'node_23' with pattern "sad worried" (base_conf=0.3, 1/4)
   → Attached 'node_25' to 'node_23' with pattern "sad lonely" (base_conf=0.3, 2/4)

Brain > [ENGINE] 🔗  Node 'node_28' attached to target 'node_27' with pattern "danger fire" (base_conf=0.3, 1/4 slots used).
[ENGINE] 🔗  Node 'node_29' attached to target 'node_27' with pattern "danger flee" (base_conf=0.3, 2/4 slots used).
🔗 /nodeAttach complete:
   → Attached 'node_28' to 'node_27' with pattern "danger fire" (base_conf=0.3, 1/4)
   → Attached 'node_29' to 'node_27' with pattern "danger flee" (base_conf=0.3, 2/4)

Brain > [ENGINE] 🔗  Node 'node_32' attached to target 'node_31' with pattern "what is compute" (base_conf=0.25, 1/4 slots used).
[ENGINE] 🔗  Node 'node_33' attached to target 'node_31' with pattern "compute equals" (base_conf=0.3, 2/4 slots used).
🔗 /nodeAttach complete:
   → Attached 'node_32' to 'node_31' with pattern "what is compute" (base_conf=0.25, 1/4)
   → Attached 'node_33' to 'node_31' with pattern "compute equals" (base_conf=0.3, 2/4)

Brain > [ENGINE] 🔗  Node 'node_35' attached to target 'node_34' with pattern "fire water" (base_conf=0.3, 1/4 slots used).
[ENGINE] 🔗  Node 'node_36' attached to target 'node_34' with pattern "wolf" (base_conf=0.383, 2/4 slots used).
🔗 /nodeAttach complete:
   → Attached 'node_35' to 'node_34' with pattern "fire water" (base_conf=0.3, 1/4)
   → Attached 'node_36' to 'node_34' with pattern "wolf" (base_conf=0.383, 2/4)

Brain > [ENGINE] 🔗  Node 'node_41' attached to target 'node_40' with pattern "who what" (base_conf=0.3, 1/4 slots used).
[ENGINE] 🔗  Node 'node_44' attached to target 'node_40' with pattern "speak listen" (base_conf=0.383, 2/4 slots used).
🔗 /nodeAttach complete:
   → Attached 'node_41' to 'node_40' with pattern "who what" (base_conf=0.3, 1/4)
   → Attached 'node_44' to 'node_40' with pattern "speak listen" (base_conf=0.383, 2/4)

Brain > ✅  /aimlAdd: Created AIML node 'greet_exec' in lobe 'greeting' with strength 5.095896250108577

Brain > ✅  /aimlAdd: Created AIML node 'greet_warm' in lobe 'greeting' with strength 4.986450495704669

Brain > ✅  /aimlAdd: Created AIML node 'comfort_exec' in lobe 'comfort' with strength 4.868995901306039

Brain > ✅  /aimlAdd: Created AIML node 'comfort_support' in lobe 'comfort' with strength 4.976461617320303

Brain > ✅  /aimlAdd: Created AIML node 'survival_exec' in lobe 'survival' with strength 4.907406229514359

Brain > ✅  /aimlAdd: Created AIML node 'survival_caution' in lobe 'survival' with strength 4.863151230936586

Brain > ✅  /aimlAdd: Created AIML node 'math_exec' in lobe 'math' with strength 4.9586517622308826

Brain > ✅  /aimlAdd: Created AIML node 'math_explain' in lobe 'math' with strength 4.851468120596582

Brain > ✅  /aimlAdd: Created AIML node 'know_exec' in lobe 'knowledge' with strength 5.100034320058448

Brain > ✅  /aimlAdd: Created AIML node 'know_define' in lobe 'knowledge' with strength 4.881597449275027

Brain > ✅  /aimlAdd: Created AIML node 'identity_exec' in lobe 'identity' with strength 5.1091408605812445

Brain > ✅  /aimlAdd: Created AIML node 'identity_acknowledge' in lobe 'identity' with strength 5.009489196024417

Brain > ⚙️ Rule tied to tree: [Answer "{MISSION}" in one tight paragraph — no lists, no hedging ladders.] (fire_prob=1.0)

Brain > ⚙️ Rule tied to tree: [Ground the reply in a concrete example before stating any general principle.] (fire_prob=0.8)

Brain > ⚙️ Rule tied to tree: [Stay inside the {LOBE_CONTEXT} frame — do not wander into unrelated domains.] (fire_prob=0.85)

Brain > ⚙️ Rule tied to tree: [If the claim leans on a cause-effect chain, state the cause first, then the effect.] (fire_prob=0.7)

Brain > ⚙️ Rule tied to tree: [When the topic touches harm or danger, include at least one protective consideration.] (fire_prob=1.0)

Brain > ⚙️ Rule tied to tree: [Speak with the persona in the system_prompt — do not break voice mid-reply.] (fire_prob=0.9)

Brain > ⚙️ Rule tied to tree: [If confidence is shaky, hedge once plainly — never stack caveats.] (fire_prob=0.6)

Brain > ⚙️ Rule tied to tree: [Close with a short, actionable takeaway the reader can use.] (fire_prob=0.5)

Brain > ⚙️ Rule tied to tree: [For arithmetic questions, state the operands and the result plainly.] (fire_prob=0.95)

Brain > ⚙️ Rule tied to tree: [When the user writes in ALL CAPS, match their energy but do not match their volume.] (fire_prob=0.7)

Brain > 🚫 Inhibition registered: 'maybe'  reason: hedging noise
   NegativeThesaurus size: 1 / 256

Brain > 🚫 Inhibition registered: 'probably'  reason: hedging noise
   NegativeThesaurus size: 2 / 256

Brain > 🚫 Inhibition registered: 'somewhat'  reason: weak qualifier
   NegativeThesaurus size: 3 / 256

Brain > 🚫 Inhibition registered: 'arguably'  reason: hedging noise
   NegativeThesaurus size: 4 / 256

Brain > 🚫 Inhibition registered: 'quite'  reason: weak qualifier
   NegativeThesaurus size: 5 / 256

Brain > 📌 Grug pinned text to Memory Wall!

Brain > 📌 Grug pinned text to Memory Wall!

Brain > 📌 Grug pinned text to Memory Wall!

Brain > 📌 Grug pinned text to Memory Wall!

Brain > 📌 Grug pinned text to Memory Wall!

Brain > 📌 Grug pinned text to Memory Wall!

Brain > 👁  Arousal set to 0.35. Eye system updated.

Brain > ╔══════════════════════════════════════════════════╗
║              GRUGBOT SYSTEM STATUS               ║
╠══════════════════════════════════════════════════╣
║  ENGINE                                          ║
  Nodes in cave   : 46
  Hopfield cache  : 0 entries
  Memory messages : 50
  Est. memory use : ~70 KB
  Trajectory buf  : 0 entries
  Temporal coher  : 0 entries
  Morph cooldowns : 0 active
  Current arousal : 0.35
  Last input ago  : 0.0s
║  LOBES                                           ║
  Lobes registered: 10
  Nodes in lobes  : 46
  Top lobe (fires): math (0 fires)
║  BRAINSTEM                                       ║
  Dispatches run  : 0
  Last winner     : none
  Propagations    : 0
  Is dispatching  : false
║  CHATTER                                         ║
  Chatter running : false
  Input queue     : 0 pending
  Sessions run    : 0
║  AIML NODE TRIBES                                ║
=== AIML NODE TRIBES (cycle=0) ===
  alert | pop=0/6666 | live=0 | grave=0
  comfort | pop=2/6666 | live=2 | grave=0
  explanation | pop=0/6666 | live=0 | grave=0
  greeting | pop=2/6666 | live=2 | grave=0
  identity | pop=2/6666 | live=2 | grave=0
  knowledge | pop=2/6666 | live=2 | grave=0
  math | pop=2/6666 | live=2 | grave=0
  reasoning | pop=0/6666 | live=0 | grave=0
  survival | pop=2/6666 | live=2 | grave=0
╚══════════════════════════════════════════════════╝

Brain > === LOBE REGISTRY (10 lobes, 46 nodes indexed) ===
  alert | subject='warn caution notify danger flag' | nodes=2/20000 | fires=0 | inhibits=0 | connected=[survival] | tbl[nodes=2 json=2 drop=0 hopf=0]
  comfort | subject='comfort support validate reassure care' | nodes=7/20000 | fires=0 | inhibits=0 | connected=[greeting,identity] | tbl[nodes=7 json=11 drop=0 hopf=0]
  default | subject='general thinking reasoning conversation greeting' | nodes=3/20000 | fires=0 | inhibits=0 | connected=[none] | tbl[nodes=3 json=0 drop=0 hopf=0]
  explanation | subject='explain clarify describe define teach' | nodes=3/20000 | fires=0 | inhibits=0 | connected=[reasoning] | tbl[nodes=3 json=3 drop=0 hopf=0]
  greeting | subject='hello hi greet welcome conversation' | nodes=6/20000 | fires=0 | inhibits=0 | connected=[comfort] | tbl[nodes=6 json=9 drop=0 hopf=0]
  identity | subject='who what self tribe cave rule' | nodes=6/20000 | fires=0 | inhibits=0 | connected=[comfort] | tbl[nodes=6 json=12 drop=0 hopf=0]
  knowledge | subject='world fact nature animal element' | nodes=6/20000 | fires=0 | inhibits=0 | connected=[math,survival] | tbl[nodes=6 json=18 drop=0 hopf=0]
  math | subject='arithmetic calculation number compute' | nodes=3/20000 | fires=0 | inhibits=0 | connected=[knowledge] | tbl[nodes=3 json=12 drop=0 hopf=0]
  reasoning | subject='think reason analyze ponder logic' | nodes=3/20000 | fires=0 | inhibits=0 | connected=[explanation] | tbl[nodes=3 json=3 drop=0 hopf=0]
  survival | subject='flee hide fight danger threat' | nodes=7/20000 | fires=0 | inhibits=0 | connected=[alert,knowledge] | tbl[nodes=7 json=11 drop=0 hopf=0]

Brain > === NODE MAP STATUS (46 nodes) ===
  node_0 | str=1.0 | neighbors=0 | [ALIVE] [LINKABLE] [TXT] | avg_rt=N/A | pattern="hello hi greeting mornin"
  node_1 | str=1.0 | neighbors=0 | [ALIVE] [LINKABLE] [TXT] | avg_rt=N/A | pattern="think ponder reason calculate"
  node_10 | str=1.0 | neighbors=0 | [ALIVE] [LINKABLE] [TXT] | avg_rt=N/A | pattern="run"
  node_11 | str=1.0 | neighbors=0 | [ALIVE] [LINKABLE] [TXT] | avg_rt=N/A | pattern="fire burns"
  node_12 | str=1.0 | neighbors=0 | [ALIVE] [LINKABLE] [TXT] | avg_rt=N/A | pattern="what is"
  node_13 | str=1.0 | neighbors=0 | [ALIVE] [LINKABLE] [TXT] | avg_rt=N/A | pattern="tell me"
  node_14 | str=1.0 | neighbors=0 | [ALIVE] [LINKABLE] [TXT] | avg_rt=N/A | pattern="define"
  node_15 | str=1.0 | neighbors=0 | [ALIVE] [LINKABLE] [TXT] | avg_rt=N/A | pattern="i feel"
  node_16 | str=1.0 | neighbors=0 | [ALIVE] [LINKABLE] [TXT] | avg_rt=N/A | pattern="sad"
  node_17 | str=1.0 | neighbors=0 | [ALIVE] [LINKABLE] [TXT] | avg_rt=N/A | pattern="worried"
  node_18 | str=1.0 | neighbors=0 | [ALIVE] [LINKABLE] [TXT] | avg_rt=N/A | pattern="warning"
  node_19 | str=1.0 | neighbors=0 | [ALIVE] [LINKABLE] [TXT] | avg_rt=N/A | pattern="careful"
  node_2 | str=1.0 | neighbors=0 | [ALIVE] [LINKABLE] [TXT] | avg_rt=N/A | pattern="grug hits rock and makes fire"
  node_20 | str=1.0 | neighbors=0 | [ALIVE] [LINKABLE] [TXT] | avg_rt=N/A | pattern="hello hi"
  node_21 | str=1.0 | neighbors=0 | [ALIVE] [LINKABLE] [TXT] | avg_rt=N/A | pattern="good morning"
  node_22 | str=1.0 | neighbors=0 | [ALIVE] [LINKABLE] [TXT] | avg_rt=N/A | pattern="goodbye see you"
  node_23 | str=1.0 | neighbors=0 | [ALIVE] [LINKABLE] [TXT] | avg_rt=N/A | pattern="i feel sad"
  node_24 | str=1.0 | neighbors=0 | [ALIVE] [LINKABLE] [TXT] | avg_rt=N/A | pattern="i am worried"
  node_25 | str=1.0 | neighbors=0 | [ALIVE] [LINKABLE] [TXT] | avg_rt=N/A | pattern="i feel lonely"
  node_26 | str=1.0 | neighbors=0 | [ALIVE] [LINKABLE] [TXT] | avg_rt=N/A | pattern="thank you"
  node_27 | str=1.0 | neighbors=0 | [ALIVE] [LINKABLE] [TXT] | avg_rt=N/A | pattern="danger threat"
  node_28 | str=1.0 | neighbors=0 | [ALIVE] [LINKABLE] [TXT] | avg_rt=N/A | pattern="fire burns hot"
  node_29 | str=1.0 | neighbors=0 | [ALIVE] [LINKABLE] [TXT] | avg_rt=N/A | pattern="run flee hide"
  node_3 | str=1.0 | neighbors=0 | [ALIVE] [LINKABLE] [TXT] | avg_rt=N/A | pattern="hello hi"
  node_30 | str=1.0 | neighbors=0 | [ALIVE] [LINKABLE] [TXT] | avg_rt=N/A | pattern="watch out careful"
  node_31 | str=1.0 | neighbors=0 | [ALIVE] [LINKABLE] [TXT] | avg_rt=N/A | pattern="what is &n &op &n"
  node_32 | str=1.0 | neighbors=0 | [ALIVE] [LINKABLE] [TXT] | avg_rt=N/A | pattern="compute &n &op &n"
  node_33 | str=1.0 | neighbors=0 | [ALIVE] [LINKABLE] [TXT] | avg_rt=N/A | pattern="&n &op &n equals"
  node_34 | str=1.0 | neighbors=0 | [ALIVE] [LINKABLE] [TXT] | avg_rt=N/A | pattern="tell about fire"
  node_35 | str=1.0 | neighbors=0 | [ALIVE] [LINKABLE] [TXT] | avg_rt=N/A | pattern="tell about water"
  node_36 | str=1.0 | neighbors=0 | [ALIVE] [LINKABLE] [TXT] | avg_rt=N/A | pattern="tell about wolf"
  node_37 | str=1.0 | neighbors=0 | [ALIVE] [LINKABLE] [TXT] | avg_rt=N/A | pattern="tell about rock"
  node_38 | str=1.0 | neighbors=0 | [ALIVE] [LINKABLE] [TXT] | avg_rt=N/A | pattern="tell about sky"
  node_39 | str=1.0 | neighbors=0 | [ALIVE] [LINKABLE] [TXT] | avg_rt=N/A | pattern="tell about food"
  node_4 | str=1.0 | neighbors=0 | [ALIVE] [LINKABLE] [TXT] | avg_rt=N/A | pattern="good morning"
  node_40 | str=1.0 | neighbors=0 | [ALIVE] [LINKABLE] [TXT] | avg_rt=N/A | pattern="who are you"
  node_41 | str=1.0 | neighbors=0 | [ALIVE] [LINKABLE] [TXT] | avg_rt=N/A | pattern="what do you do"
  node_42 | str=1.0 | neighbors=0 | [ALIVE] [LINKABLE] [TXT] | avg_rt=N/A | pattern="the tribe"
  node_43 | str=1.0 | neighbors=0 | [ALIVE] [LINKABLE] [TXT] | avg_rt=N/A | pattern="the cave"
  node_44 | str=1.0 | neighbors=0 | [ALIVE] [LINKABLE] [TXT] | avg_rt=N/A | pattern="speak plain"
  node_45 | str=1.0 | neighbors=0 | [ALIVE] [LINKABLE] [TXT] | avg_rt=N/A | pattern="listen first"
  node_5 | str=1.0 | neighbors=0 | [ALIVE] [LINKABLE] [TXT] | avg_rt=N/A | pattern="howdy"
  node_6 | str=1.0 | neighbors=0 | [ALIVE] [LINKABLE] [TXT] | avg_rt=N/A | pattern="think about"
  node_7 | str=1.0 | neighbors=0 | [ALIVE] [LINKABLE] [TXT] | avg_rt=N/A | pattern="why"
  node_8 | str=1.0 | neighbors=0 | [ALIVE] [LINKABLE] [TXT] | avg_rt=N/A | pattern="how does"
  node_9 | str=1.0 | neighbors=0 | [ALIVE] [LINKABLE] [TXT] | avg_rt=N/A | pattern="danger"

=== ATTACHMENT MAP (6 targets with attachments) ===
  🎯 node_20 (2/4 attached):
      🔗 node_21 [ALIVE str=1.0] | base_conf=0.383 | connector="hello morning"
      🔗 node_22 [ALIVE str=1.0] | base_conf=0.3 | connector="hello goodbye"
  🎯 node_23 (2/4 attached):
      🔗 node_24 [ALIVE str=1.0] | base_conf=0.3 | connector="sad worried"
      🔗 node_25 [ALIVE str=1.0] | base_conf=0.3 | connector="sad lonely"
  🎯 node_27 (2/4 attached):
      🔗 node_28 [ALIVE str=1.0] | base_conf=0.3 | connector="danger fire"
      🔗 node_29 [ALIVE str=1.0] | base_conf=0.3 | connector="danger flee"
  🎯 node_31 (2/4 attached):
      🔗 node_32 [ALIVE str=1.0] | base_conf=0.25 | connector="what is compute"
      🔗 node_33 [ALIVE str=1.0] | base_conf=0.3 | connector="compute equals"
  🎯 node_34 (2/4 attached):
      🔗 node_35 [ALIVE str=1.0] | base_conf=0.3 | connector="fire water"
      🔗 node_36 [ALIVE str=1.0] | base_conf=0.383 | connector="wolf"
  🎯 node_40 (2/4 attached):
      🔗 node_41 [ALIVE str=1.0] | base_conf=0.3 | connector="who what"
      🔗 node_44 [ALIVE str=1.0] | base_conf=0.383 | connector="speak listen"

Brain > 
╔════════════════════════════════════════════════════════════╗
║                    🤖 AIML TRIBE STATUS                      ║
╠════════════════════════════════════════════════════════════╣
=== AIML NODE TRIBES (cycle=0) ===
  alert | pop=0/6666 | live=0 | grave=0
  comfort | pop=2/6666 | live=2 | grave=0
  explanation | pop=0/6666 | live=0 | grave=0
  greeting | pop=2/6666 | live=2 | grave=0
  identity | pop=2/6666 | live=2 | grave=0
  knowledge | pop=2/6666 | live=2 | grave=0
  math | pop=2/6666 | live=2 | grave=0
  reasoning | pop=0/6666 | live=0 | grave=0
  survival | pop=2/6666 | live=2 | grave=0
╚════════════════════════════════════════════════════════════╝

Brain > 📋 NegativeThesaurus — 5 inhibited word(s):
   🚫 'arguably'   reason: hedging noise   added: 0.0s ago
   🚫 'maybe'   reason: hedging noise   added: 0.0s ago
   🚫 'probably'   reason: hedging noise   added: 0.0s ago
   🚫 'quite'   reason: weak qualifier   added: 0.0s ago
   🚫 'somewhat'   reason: weak qualifier   added: 0.0s ago
┌ Warning: Replacing docs for `GrugBot420.current_promotion_bindings :: Tuple{}` in module `GrugBot420`
└ @ Base.Docs docs/Docs.jl:243
┌ Warning: Replacing docs for `GrugBot420.current_promotion_rewritten :: Tuple{}` in module `GrugBot420`
└ @ Base.Docs docs/Docs.jl:243
┌ Warning: Replacing docs for `GrugBot420.current_promotion_raw :: Tuple{}` in module `GrugBot420`
└ @ Base.Docs docs/Docs.jl:243
┌ Warning: Replacing docs for `GrugBot420.words_to_signal :: Tuple{String}` in module `GrugBot420`
└ @ Base.Docs docs/Docs.jl:243
┌ Warning: Replacing docs for `GrugBot420.rewrite_passive_mission :: Tuple{String}` in module `GrugBot420`
└ @ Base.Docs docs/Docs.jl:243
┌ Warning: Replacing docs for `GrugBot420.extract_relational_triples :: Tuple{String}` in module `GrugBot420`
└ @ Base.Docs docs/Docs.jl:243
┌ Warning: Replacing docs for `GrugBot420.extract_dynamic_relational_triples :: Tuple{String, Int64}` in module `GrugBot420`
└ @ Base.Docs docs/Docs.jl:243
┌ Warning: Replacing docs for `GrugBot420.evaluate_relational_dialectics :: Tuple{Vector{GrugBot420.RelationalTriple}, Vector{GrugBot420.RelationalTriple}, Vector{String}, Dict{String, Float64}}` in module `GrugBot420`
└ @ Base.Docs docs/Docs.jl:243
┌ Warning: Replacing docs for `GrugBot420.hopfield_input_hash :: Tuple{String}` in module `GrugBot420`
└ @ Base.Docs docs/Docs.jl:243
┌ Warning: Replacing docs for `GrugBot420.hopfield_lookup :: Tuple{UInt64}` in module `GrugBot420`
└ @ Base.Docs docs/Docs.jl:243
┌ Warning: Replacing docs for `GrugBot420.hopfield_record! :: Tuple{UInt64, Vector{String}}` in module `GrugBot420`
└ @ Base.Docs docs/Docs.jl:243
┌ Warning: Replacing docs for `GrugBot420.is_nonjitter :: Tuple{GrugBot420.Node}` in module `GrugBot420`
└ @ Base.Docs docs/Docs.jl:243
┌ Warning: Replacing docs for `GrugBot420.set_nonjitter! :: Tuple{GrugBot420.Node}` in module `GrugBot420`
└ @ Base.Docs docs/Docs.jl:243
┌ Warning: Replacing docs for `GrugBot420.clear_nonjitter! :: Tuple{GrugBot420.Node}` in module `GrugBot420`
└ @ Base.Docs docs/Docs.jl:243
┌ Warning: Replacing docs for `GrugBot420.collect_nonjitter_ids :: Tuple{}` in module `GrugBot420`
└ @ Base.Docs docs/Docs.jl:243
┌ Warning: Replacing docs for `GrugBot420.jitter_allowed_for :: Tuple{GrugBot420.Node, Float64}` in module `GrugBot420`
└ @ Base.Docs docs/Docs.jl:243
┌ Warning: Replacing docs for `GrugBot420.is_solidified :: Tuple{GrugBot420.Node}` in module `GrugBot420`
└ @ Base.Docs docs/Docs.jl:243
┌ Warning: Replacing docs for `GrugBot420.check_solidify_threshold! :: Tuple{GrugBot420.Node}` in module `GrugBot420`
└ @ Base.Docs docs/Docs.jl:243
┌ Warning: Replacing docs for `GrugBot420.bump_strength! :: Tuple{GrugBot420.Node}` in module `GrugBot420`
└ @ Base.Docs docs/Docs.jl:243
┌ Warning: Replacing docs for `GrugBot420.penalize_strength! :: Tuple{GrugBot420.Node}` in module `GrugBot420`
└ @ Base.Docs docs/Docs.jl:243
┌ Warning: Replacing docs for `GrugBot420.mark_node_grave! :: Tuple{GrugBot420.Node, String}` in module `GrugBot420`
└ @ Base.Docs docs/Docs.jl:243
┌ Warning: Replacing docs for `GrugBot420.mark_node_contributor! :: Tuple{GrugBot420.Node}` in module `GrugBot420`
└ @ Base.Docs docs/Docs.jl:243
┌ Warning: Replacing docs for `GrugBot420.try_link_nodes! :: Tuple{GrugBot420.Node, GrugBot420.Node}` in module `GrugBot420`
└ @ Base.Docs docs/Docs.jl:243
┌ Warning: Replacing docs for `GrugBot420.find_best_latch_target :: Tuple{GrugBot420.Node}` in module `GrugBot420`
└ @ Base.Docs docs/Docs.jl:243
┌ Warning: Replacing docs for `GrugBot420._token_overlap_similarity :: Tuple{String, String}` in module `GrugBot420`
└ @ Base.Docs docs/Docs.jl:243
┌ Warning: Replacing docs for `GrugBot420.next_group_id :: Tuple{}` in module `GrugBot420`
└ @ Base.Docs docs/Docs.jl:243
┌ Warning: Replacing docs for `GrugBot420.register_group! :: Tuple{GrugBot420.Node}` in module `GrugBot420`
└ @ Base.Docs docs/Docs.jl:243
┌ Warning: Replacing docs for `GrugBot420.add_to_group! :: Tuple{GrugBot420.NodeGroup, String}` in module `GrugBot420`
└ @ Base.Docs docs/Docs.jl:243
┌ Warning: Replacing docs for `GrugBot420.mark_group_grave_slot! :: Tuple{String}` in module `GrugBot420`
└ @ Base.Docs docs/Docs.jl:243
┌ Warning: Replacing docs for `GrugBot420.group_for :: Tuple{String}` in module `GrugBot420`
└ @ Base.Docs docs/Docs.jl:243
┌ Warning: Replacing docs for `GrugBot420.chatter_cooldown_remaining :: Tuple{String}` in module `GrugBot420`
└ @ Base.Docs docs/Docs.jl:243
┌ Warning: Replacing docs for `GrugBot420.stamp_chatter! :: Tuple{String}` in module `GrugBot420`
└ @ Base.Docs docs/Docs.jl:243
┌ Warning: Replacing docs for `GrugBot420.attach_node! :: Tuple{String, String, String}` in module `GrugBot420`
└ @ Base.Docs docs/Docs.jl:243
┌ Warning: Replacing docs for `GrugBot420.detach_node! :: Tuple{String, String}` in module `GrugBot420`
└ @ Base.Docs docs/Docs.jl:243
┌ Warning: Replacing docs for `GrugBot420.fire_attachments! :: Tuple{String, Int64, Int64}` in module `GrugBot420`
└ @ Base.Docs docs/Docs.jl:243
┌ Warning: Replacing docs for `GrugBot420.get_attachment_summary :: Tuple{}` in module `GrugBot420`
└ @ Base.Docs docs/Docs.jl:243
┌ Warning: Replacing docs for `GrugBot420.get_attachments_for_target :: Tuple{String}` in module `GrugBot420`
└ @ Base.Docs docs/Docs.jl:243
┌ Warning: Replacing docs for `GrugBot420.crystalize_attachment! :: Tuple{String, String}` in module `GrugBot420`
└ @ Base.Docs docs/Docs.jl:243
┌ Warning: Replacing docs for `GrugBot420.decrystalize_attachment! :: Tuple{String, String}` in module `GrugBot420`
└ @ Base.Docs docs/Docs.jl:243
┌ Warning: Replacing docs for `GrugBot420._semantic_truth_score :: Tuple{Any}` in module `GrugBot420`
└ @ Base.Docs docs/Docs.jl:243
┌ Warning: Replacing docs for `GrugBot420.auto_crystalize_sweep! :: Tuple{}` in module `GrugBot420`
└ @ Base.Docs docs/Docs.jl:243
┌ Warning: Replacing docs for `GrugBot420.is_crystalized :: Tuple{String, String}` in module `GrugBot420`
└ @ Base.Docs docs/Docs.jl:243
┌ Warning: Replacing docs for `GrugBot420._sdf_signal_similarity :: Tuple{Vector{Float64}, Vector{Float64}}` in module `GrugBot420`
└ @ Base.Docs docs/Docs.jl:243
┌ Warning: Replacing docs for `GrugBot420.attach_image_node! :: Tuple{String, String, Vector{UInt8}, Int64, Int64}` in module `GrugBot420`
└ @ Base.Docs docs/Docs.jl:243
┌ Warning: Replacing docs for `GrugBot420.reset_throttle! :: Tuple{GrugBot420.Node, Float64}` in module `GrugBot420`
└ @ Base.Docs docs/Docs.jl:243
┌ Warning: Replacing docs for `GrugBot420.create_node :: Tuple{String, String, Dict, Vector{String}}` in module `GrugBot420`
└ @ Base.Docs docs/Docs.jl:243
┌ Warning: Replacing docs for `GrugBot420.parse_action_packet :: Tuple{String}` in module `GrugBot420`
└ @ Base.Docs docs/Docs.jl:243
┌ Warning: Replacing docs for `GrugBot420.select_action :: Tuple{String}` in module `GrugBot420`
└ @ Base.Docs docs/Docs.jl:243
┌ Warning: Replacing docs for `GrugBot420.screen_input_complexity :: Tuple{Vector{Float64}, Vector{GrugBot420.RelationalTriple}}` in module `GrugBot420`
└ @ Base.Docs docs/Docs.jl:243
┌ Warning: Replacing docs for `GrugBot420._effective_scan_mode :: Tuple{Int64, Vector{Float64}}` in module `GrugBot420`
└ @ Base.Docs docs/Docs.jl:243
┌ Warning: Replacing docs for `GrugBot420._bidirectional_cheap_scan :: Tuple{Vector{Float64}, Vector{Float64}}` in module `GrugBot420`
└ @ Base.Docs docs/Docs.jl:243
┌ Warning: Replacing docs for `GrugBot420.collect_drop_table_neighbors :: Tuple{GrugBot420.Node}` in module `GrugBot420`
└ @ Base.Docs docs/Docs.jl:243
┌ Warning: Replacing docs for `GrugBot420.strength_biased_scan_coinflip :: Tuple{GrugBot420.Node}` in module `GrugBot420`
└ @ Base.Docs docs/Docs.jl:243
┌ Warning: Replacing docs for `GrugBot420.scan_specimens :: Tuple{String}` in module `GrugBot420`
└ @ Base.Docs docs/Docs.jl:243
┌ Warning: Replacing docs for `GrugBot420.scan_and_expand :: Tuple{String}` in module `GrugBot420`
└ @ Base.Docs docs/Docs.jl:243
┌ Warning: Replacing docs for `GrugBot420.cast_vote :: NTuple{5, Any}` in module `GrugBot420`
└ @ Base.Docs docs/Docs.jl:243
┌ Warning: Replacing docs for `GrugBot420.cast_explicit_vote :: Tuple{String, String}` in module `GrugBot420`
└ @ Base.Docs docs/Docs.jl:243
┌ Warning: Replacing docs for `GrugBot420.apply_right_feedback! :: Tuple{Vector{String}}` in module `GrugBot420`
└ @ Base.Docs docs/Docs.jl:243
┌ Warning: Replacing docs for `GrugBot420.ensure_action_packet_registered! :: Tuple{AbstractString}` in module `GrugBot420`
└ @ Base.Docs docs/Docs.jl:243
┌ Warning: Replacing docs for `GrugBot420.grow_nodes_from_packet :: Tuple{String}` in module `GrugBot420`
└ @ Base.Docs docs/Docs.jl:243
┌ Warning: Replacing docs for `GrugBot420.get_node_status_summary :: Tuple{}` in module `GrugBot420`
└ @ Base.Docs docs/Docs.jl:243
┌ Warning: Replacing docs for `GrugBot420.add_orchestration_rule! :: Tuple{String}` in module `GrugBot420`
└ @ Base.Docs docs/Docs.jl:243
┌ Warning: Replacing docs for `GrugBot420.count_alive_nodes_in_lobe :: Tuple{String}` in module `GrugBot420`
└ @ Base.Docs docs/Docs.jl:243
┌ Warning: [SEMANTIC] Relation class 'epistemic' already exists. No change.
└ @ GrugBot420.SemanticVerbs /workspace/grugbot420_repo/src/SemanticVerbs.jl:90
┌ Warning: [SEMANTIC] Relation class 'causal' already exists. No change.
└ @ GrugBot420.SemanticVerbs /workspace/grugbot420_repo/src/SemanticVerbs.jl:90
[ Info: [SEMANTIC] ✅  New relation class added: 'affective'
[ Info: [SEMANTIC] ✅  Verb 'implies' added to class 'epistemic'
[ Info: [SEMANTIC] ✅  Verb 'entails' added to class 'epistemic'
┌ Warning: [SEMANTIC] Verb 'causes' already in class 'causal'. No change.
└ @ GrugBot420.SemanticVerbs /workspace/grugbot420_repo/src/SemanticVerbs.jl:128
[ Info: [SEMANTIC] ✅  Verb 'triggers' added to class 'causal'
[ Info: [SEMANTIC] ✅  Verb 'evokes' added to class 'affective'
[ Info: [SEMANTIC] ✅  Verb 'soothes' added to class 'affective'
[ Info: [SEMANTIC] ✅  Synonym registered: 'provokes' -> 'causes'
[ Info: [SEMANTIC] ✅  Synonym registered: 'suggests' -> 'implies'
[ Info: [SEMANTIC] ✅  Synonym registered: 'calms' -> 'soothes'

Brain > === ATTACHMENT MAP (6 targets with attachments) ===
  🎯 node_20 (2/4 attached):
      🔗 node_21 [ALIVE str=1.0] | base_conf=0.383 | connector="hello morning"
      🔗 node_22 [ALIVE str=1.0] | base_conf=0.3 | connector="hello goodbye"
  🎯 node_23 (2/4 attached):
      🔗 node_24 [ALIVE str=1.0] | base_conf=0.3 | connector="sad worried"
      🔗 node_25 [ALIVE str=1.0] | base_conf=0.3 | connector="sad lonely"
  🎯 node_27 (2/4 attached):
      🔗 node_28 [ALIVE str=1.0] | base_conf=0.3 | connector="danger fire"
      🔗 node_29 [ALIVE str=1.0] | base_conf=0.3 | connector="danger flee"
  🎯 node_31 (2/4 attached):
      🔗 node_32 [ALIVE str=1.0] | base_conf=0.25 | connector="what is compute"
      🔗 node_33 [ALIVE str=1.0] | base_conf=0.3 | connector="compute equals"
  🎯 node_34 (2/4 attached):
      🔗 node_35 [ALIVE str=1.0] | base_conf=0.3 | connector="fire water"
      🔗 node_36 [ALIVE str=1.0] | base_conf=0.383 | connector="wolf"
  🎯 node_40 (2/4 attached):
      🔗 node_41 [ALIVE str=1.0] | base_conf=0.3 | connector="who what"
      🔗 node_44 [ALIVE str=1.0] | base_conf=0.383 | connector="speak listen"

Brain > --> Grug freezing entire cave to specimen file...

╔══════════════════════════════════════════════════════════════╗
║            🧊 SPECIMEN SAVED SUCCESSFULLY                    ║
╠══════════════════════════════════════════════════════════════╣
  📁  File             : kitchen_sink_v21.specimen.gz
  📦  JSON size        : 149085 bytes
  🗜️   Compressed size  : 19879 bytes (86.7% smaller)
  ⏱️   Time             : 0.41s
  ─────────────────────────────────────────────
  🌱  Nodes            : 46
  🧠  Lobes            : 10
  📋  Lobe tables      : 10
  ⚡  Hopfield entries  : 0
  ⚙️   Rules            : 10
  💬  Messages         : 51
  🔧  Verb classes     : 6
  🔤  Thesaurus words  : 499
  🚫  Inhibitions      : 5
  🔗  Attachments      : 12
  🔮  Trajectory entries : 0
  🕐  Temporal coherence : 0
  ⏳  Morph cooldowns    : 0
  🤖  AIML nodes       : 12
  👁   Arousal          : 0.35
╚══════════════════════════════════════════════════════════════╝

Brain > [GRUG] 👋 /quit received. Cave closes. Goodbye.
