WARNING: redefinition of constant GrugBot420.CAUSAL_VERBS. This may fail, cause incorrect answers, or produce other errors.
WARNING: redefinition of constant GrugBot420.SPATIAL_VERBS. This may fail, cause incorrect answers, or produce other errors.
WARNING: redefinition of constant GrugBot420.TEMPORAL_VERBS. This may fail, cause incorrect answers, or produce other errors.
WARNING: redefinition of constant GrugBot420.NODE_MAP. This may fail, cause incorrect answers, or produce other errors.
WARNING: redefinition of constant GrugBot420.COMMANDS. This may fail, cause incorrect answers, or produce other errors.
WARNING: redefinition of constant GrugBot420.NODE_LOCK. This may fail, cause incorrect answers, or produce other errors.
WARNING: redefinition of constant GrugBot420.ID_COUNTER. This may fail, cause incorrect answers, or produce other errors.
WARNING: redefinition of constant GrugBot420.HOPFIELD_CACHE. This may fail, cause incorrect answers, or produce other errors.
WARNING: redefinition of constant GrugBot420.HOPFIELD_CACHE_LOCK. This may fail, cause incorrect answers, or produce other errors.
WARNING: redefinition of constant GrugBot420.HOPFIELD_HIT_COUNTS. This may fail, cause incorrect answers, or produce other errors.
WARNING: redefinition of constant GrugBot420.ATTACHMENT_MAP. This may fail, cause incorrect answers, or produce other errors.
WARNING: redefinition of constant GrugBot420.ATTACHMENT_LOCK. This may fail, cause incorrect answers, or produce other errors.
WARNING: redefinition of constant GrugBot420.GROUP_MAP. This may fail, cause incorrect answers, or produce other errors.
WARNING: redefinition of constant GrugBot420.GROUP_LOCK. This may fail, cause incorrect answers, or produce other errors.
WARNING: redefinition of constant GrugBot420.GROUP_COUNTER. This may fail, cause incorrect answers, or produce other errors.
WARNING: redefinition of constant GrugBot420.NODE_TO_GROUP. This may fail, cause incorrect answers, or produce other errors.
WARNING: redefinition of constant GrugBot420.CHATTER_NODE_COOLDOWN. This may fail, cause incorrect answers, or produce other errors.
WARNING: redefinition of constant GrugBot420.CHATTER_NODE_COOLDOWN_LOCK. This may fail, cause incorrect answers, or produce other errors.
WARNING: redefinition of constant GrugBot420._LAST_FIRE_COUNTER. This may fail, cause incorrect answers, or produce other errors.
WARNING: redefinition of constant GrugBot420.STOPWORDS. This may fail, cause incorrect answers, or produce other errors.
WARNING: redefinition of constant GrugBot420.AIML_DROP_TABLE. This may fail, cause incorrect answers, or produce other errors.
WARNING: redefinition of constant GrugBot420.ALLOWED_RULE_TAGS. This may fail, cause incorrect answers, or produce other errors.
🧠 Default specimen detected at /workspace/grugbot420_repo/src/../grug-binary/default.specimen.gz — auto-loading...
  🧹 Wiping current cave state...
  ✅ Cave wiped clean. Beginning restore...
  🔢 ID counters restored (node=20, msg=38)
  🗳  Last voters restored (0 IDs)
  👁  Eye state restored
  🔧 Verb registry restored (5 classes, 22 verbs, 0 synonyms)
  🔤 Thesaurus restored (499 words)
  🧠 Lobes restored (7)
  📋 Lobe tables restored (7)
  🌱 Nodes restored (20)
  ⚡ Hopfield cache restored (0 entries)
  ⚙️  Rules restored (0)
  🚫 Inhibitions restored (0)
  💬 Messages restored (38 total, 3 pinned)
  👁  Arousal restored (level=0.3)
  🧬 BrainStem state restored
  🔗 Attachments restored (0)
  🔮 Trajectory restored (0 entries)
  🕐 Temporal coherence restored (0 entries)
  ⏳ Morph cooldowns restored (0 active)
  🛡 Immune system restored (0 signatures, 0 ledger entries)
  🤖 AIML system restored (0 nodes across 6 lobes)
  ✅ Default specimen restored.
    ╔══════════════════════════════════════════════════════════════╗
    ║            🧬 SPECIMEN LOADED SUCCESSFULLY                   ║
    ╠══════════════════════════════════════════════════════════════╣
      📁  File             : /workspace/grugbot420_repo/src/../grug-binary/default.specimen.gz
      📦  Compressed size  : 12556 bytes
      📄  JSON size        : 92213 bytes
  (Set GRUG_NO_AUTOLOAD=1 to skip this on next boot.)
System Online. Grug waiting at cave entrance for instructions.
Primary  : /mission <input>                    (text or image binary)
Feedback : /wrong                              (penalize last response voters)
Explicit : /explicit <cmd> [<node_id>] <input>
Grow     : /grow <lobe_id> <json_packet>      (plant node(s) into a lobe)
         :   • <lobe_id> is required — use `-` for unassigned pool
         :   • Single node: {"pattern":"...","action_packet":"...","data":{...}}
         :   • Multi node:  {"nodes":[{...},{...}]}
         :   • `data.system_prompt` defaults to "Grug speaks plainly." if absent
Rules    : /addRule <rule text> [prob=0.0-1.0]
           Tags: {MISSION}, {PRIMARY_ACTION}, {SURE_ACTIONS}, {UNSURE_ACTIONS},
                 {ALL_ACTIONS}, {CONFIDENCE}, {NODE_ID}, {MEMORY}, {LOBE_CONTEXT}
Memory   : /pin <text>
Nodes    : /nodes                              (show node map status)
Status   : /status                             (show chatter + system status)
Arousal  : /arousal <0.0-1.0>                 (set eye system arousal level)
Verbs    : /addVerb <verb> <class>             (add verb to relation class)
         : /addRelationClass <name>            (create new verb class bucket)
         : /addSynonym <canonical> <alias>     (normalize alias->canonical)
         : /listVerbs                          (show all verb classes + synonyms)
Lobes    : /newLobe <id> <subject>             (create a new subject lobe)
         : /connectLobes <id_a> <id_b>         (connect two lobes)
         : /lobeGrow <lobe_id> <json_packet>   (DEPRECATED — alias for /grow)
         : /lobes                              (list all lobes + node counts)
         : /tableStatus <lobe_id>              (show hash table chunks for a lobe)
         : /tableMatch <lobe_id> <chunk> <pat> (pattern-activate entries in chunk)
Thesaurus: /thesaurus <word1> | <word2>        (compare words/concepts dimensionally)
         : /thesaurus <w1> | <w2> :: <ctx1> :: <ctx2>  (with context lists)
NegThes  : /negativeThesaurus add|remove|list|check|flush
Attach   : /nodeAttach <lobe> <target> <id> <pat> ...  (attach nodes with relational fire patterns)
         : /nodeDetach <lobe> <target> <id>            (detach a node from target)
ImgAttach: /imgnodeAttach <lobe> <tgt> <id> <b64> [w h] (attach image node with SDF-based fire)
         : /imgnodeDetach <lobe> <target> <id>         (detach image node from target)
         : /attachments                         (show all node attachments)
Crystal  : /crystalize <lobe> <target> <attach>        (💎 mark attachment as sticky/user-locked)
         : /decrystalize <lobe> <target> <attach>      (🔓 remove sticky flag, restore coinflip)
Specimen : /saveSpecimen <filepath>            (save full cave state to compressed file)
         : /loadSpecimen <filepath>            (restore full cave state from compressed file)
Help     : /help                               (full command reference)

╔══════════════════════════════════════════════════════════════════╗
║  SPECIMEN SEEDING GUIDE (read before /grow)                     ║
╠══════════════════════════════════════════════════════════════════╣
║  Automatic neighbor latching is SUPPRESSED below 1000 nodes.   ║
║  Below that threshold, YOU control topology via drop_table.     ║
║                                                                  ║
║  For a coherent specimen from the start:                        ║
║  1. Seed ORTHOGONAL archetypes first - distinct semantic poles. ║
║     Don't plant 50 near-identical nodes up front.               ║
║  2. Use required_relations as semantic GATES from day one.      ║
║     Nodes that demand specific verbs won't fire on noise.       ║
║  3. Name action_packets deliberately - distinct action families ║
║     give the superposition orchestrator something to work with. ║
║  4. Wire drop_tables manually for known co-activation pairs.    ║
║     Don't rely on the latch system to discover semantics.       ║
║  5. Your first ~100 nodes are the specimen's DNA.               ║
║     The engine enforces structure at scale (1000+ nodes).       ║
║     You enforce MEANING at the start.                           ║
╚══════════════════════════════════════════════════════════════════╝

Brain > 🗂  Relation class 'causal' created. Use /addVerb to populate.

Brain > 🗂  Relation class 'spatial' created. Use /addVerb to populate.

Brain > 🗂  Relation class 'epistemic' created. Use /addVerb to populate.

Brain > 🗂  Relation class 'emotive' created. Use /addVerb to populate.

Brain > 🔧 Verb 'causes' added to class 'causal'. Active immediately.

Brain > 🔧 Verb 'makes' added to class 'causal'. Active immediately.

Brain > 🔧 Verb 'triggers' added to class 'causal'. Active immediately.

Brain > 🔧 Verb 'leads_to' added to class 'causal'. Active immediately.

Brain > 🔧 Verb 'burns' added to class 'causal'. Active immediately.

Brain > 🔧 Verb 'hits' added to class 'causal'. Active immediately.

Brain > 🔧 Verb 'feeds' added to class 'causal'. Active immediately.

Brain > 🔧 Verb 'eats' added to class 'causal'. Active immediately.

Brain > 🔧 Verb 'near' added to class 'spatial'. Active immediately.

Brain > 🔧 Verb 'above' added to class 'spatial'. Active immediately.

Brain > 🔧 Verb 'below' added to class 'spatial'. Active immediately.

Brain > 🔧 Verb 'inside' added to class 'spatial'. Active immediately.

Brain > 🔧 Verb 'before' added to class 'temporal'. Active immediately.

Brain > 🔧 Verb 'after' added to class 'temporal'. Active immediately.

Brain > 🔧 Verb 'during' added to class 'temporal'. Active immediately.

Brain > 🔧 Verb 'believes' added to class 'epistemic'. Active immediately.

Brain > 🔧 Verb 'knows' added to class 'epistemic'. Active immediately.

Brain > 🔧 Verb 'doubts' added to class 'epistemic'. Active immediately.

Brain > 🔧 Verb 'feels' added to class 'emotive'. Active immediately.

Brain > 🔧 Verb 'fears' added to class 'emotive'. Active immediately.

Brain > 🔧 Verb 'loves' added to class 'emotive'. Active immediately.

Brain > 🔧 Verb 'misses' added to class 'emotive'. Active immediately.

Brain > !!! SYSTEM ERROR: GrugBot420.Lobe.LobeError("Lobe 'greeting' already exists. Grug not make duplicate cave!", "create_lobe!") !!!

Stacktrace:
  [1] throw_lobe_error(msg::String, ctx::String)
    @ GrugBot420.Lobe /workspace/grugbot420_repo/src/Lobe.jl:32
  [2] (::GrugBot420.Lobe.var"#2#3"{Int64, String, String})()
    @ GrugBot420.Lobe /workspace/grugbot420_repo/src/Lobe.jl:85
  [3] lock(f::GrugBot420.Lobe.var"#2#3"{Int64, String, String}, l::ReentrantLock)
    @ Base ./lock.jl:229
  [4] create_lobe!(id::String, subject::String; node_cap::Int64)
    @ GrugBot420.Lobe /workspace/grugbot420_repo/src/Lobe.jl:83
  [5] create_lobe!
    @ /workspace/grugbot420_repo/src/Lobe.jl:73 [inlined]
  [6] run_cli()
    @ GrugBot420 /workspace/grugbot420_repo/src/Main.jl:5174
  [7] top-level scope
    @ /workspace/grugbot420_repo/run_cli_file.jl:2
  [8] include(mod::Module, _path::String)
    @ Base ./Base.jl:495
  [9] exec_options(opts::Base.JLOptions)
    @ Base ./client.jl:318
 [10] _start()
    @ Base ./client.jl:552

Brain > !!! SYSTEM ERROR: GrugBot420.Lobe.LobeError("Lobe 'reasoning' already exists. Grug not make duplicate cave!", "create_lobe!") !!!

Stacktrace:
  [1] throw_lobe_error(msg::String, ctx::String)
    @ GrugBot420.Lobe /workspace/grugbot420_repo/src/Lobe.jl:32
  [2] (::GrugBot420.Lobe.var"#2#3"{Int64, String, String})()
    @ GrugBot420.Lobe /workspace/grugbot420_repo/src/Lobe.jl:85
  [3] lock(f::GrugBot420.Lobe.var"#2#3"{Int64, String, String}, l::ReentrantLock)
    @ Base ./lock.jl:229
  [4] create_lobe!(id::String, subject::String; node_cap::Int64)
    @ GrugBot420.Lobe /workspace/grugbot420_repo/src/Lobe.jl:83
  [5] create_lobe!
    @ /workspace/grugbot420_repo/src/Lobe.jl:73 [inlined]
  [6] run_cli()
    @ GrugBot420 /workspace/grugbot420_repo/src/Main.jl:5174
  [7] top-level scope
    @ /workspace/grugbot420_repo/run_cli_file.jl:2
  [8] include(mod::Module, _path::String)
    @ Base ./Base.jl:495
  [9] exec_options(opts::Base.JLOptions)
    @ Base ./client.jl:318
 [10] _start()
    @ Base ./client.jl:552

Brain > !!! SYSTEM ERROR: GrugBot420.Lobe.LobeError("Lobe 'survival' already exists. Grug not make duplicate cave!", "create_lobe!") !!!

Stacktrace:
  [1] throw_lobe_error(msg::String, ctx::String)
    @ GrugBot420.Lobe /workspace/grugbot420_repo/src/Lobe.jl:32
  [2] (::GrugBot420.Lobe.var"#2#3"{Int64, String, String})()
    @ GrugBot420.Lobe /workspace/grugbot420_repo/src/Lobe.jl:85
  [3] lock(f::GrugBot420.Lobe.var"#2#3"{Int64, String, String}, l::ReentrantLock)
    @ Base ./lock.jl:229
  [4] create_lobe!(id::String, subject::String; node_cap::Int64)
    @ GrugBot420.Lobe /workspace/grugbot420_repo/src/Lobe.jl:83
  [5] create_lobe!
    @ /workspace/grugbot420_repo/src/Lobe.jl:73 [inlined]
  [6] run_cli()
    @ GrugBot420 /workspace/grugbot420_repo/src/Main.jl:5174
  [7] top-level scope
    @ /workspace/grugbot420_repo/run_cli_file.jl:2
  [8] include(mod::Module, _path::String)
    @ Base ./Base.jl:495
  [9] exec_options(opts::Base.JLOptions)
    @ Base ./client.jl:318
 [10] _start()
    @ Base ./client.jl:552

Brain > !!! SYSTEM ERROR: GrugBot420.Lobe.LobeError("Lobe 'explanation' already exists. Grug not make duplicate cave!", "create_lobe!") !!!

Stacktrace:
  [1] throw_lobe_error(msg::String, ctx::String)
    @ GrugBot420.Lobe /workspace/grugbot420_repo/src/Lobe.jl:32
  [2] (::GrugBot420.Lobe.var"#2#3"{Int64, String, String})()
    @ GrugBot420.Lobe /workspace/grugbot420_repo/src/Lobe.jl:85
  [3] lock(f::GrugBot420.Lobe.var"#2#3"{Int64, String, String}, l::ReentrantLock)
    @ Base ./lock.jl:229
  [4] create_lobe!(id::String, subject::String; node_cap::Int64)
    @ GrugBot420.Lobe /workspace/grugbot420_repo/src/Lobe.jl:83
  [5] create_lobe!
    @ /workspace/grugbot420_repo/src/Lobe.jl:73 [inlined]
  [6] run_cli()
    @ GrugBot420 /workspace/grugbot420_repo/src/Main.jl:5174
  [7] top-level scope
    @ /workspace/grugbot420_repo/run_cli_file.jl:2
  [8] include(mod::Module, _path::String)
    @ Base ./Base.jl:495
  [9] exec_options(opts::Base.JLOptions)
    @ Base ./client.jl:318
 [10] _start()
    @ Base ./client.jl:552

Brain > !!! SYSTEM ERROR: GrugBot420.Lobe.LobeError("Lobe 'comfort' already exists. Grug not make duplicate cave!", "create_lobe!") !!!

Stacktrace:
  [1] throw_lobe_error(msg::String, ctx::String)
    @ GrugBot420.Lobe /workspace/grugbot420_repo/src/Lobe.jl:32
  [2] (::GrugBot420.Lobe.var"#2#3"{Int64, String, String})()
    @ GrugBot420.Lobe /workspace/grugbot420_repo/src/Lobe.jl:85
  [3] lock(f::GrugBot420.Lobe.var"#2#3"{Int64, String, String}, l::ReentrantLock)
    @ Base ./lock.jl:229
  [4] create_lobe!(id::String, subject::String; node_cap::Int64)
    @ GrugBot420.Lobe /workspace/grugbot420_repo/src/Lobe.jl:83
  [5] create_lobe!
    @ /workspace/grugbot420_repo/src/Lobe.jl:73 [inlined]
  [6] run_cli()
    @ GrugBot420 /workspace/grugbot420_repo/src/Main.jl:5174
  [7] top-level scope
    @ /workspace/grugbot420_repo/run_cli_file.jl:2
  [8] include(mod::Module, _path::String)
    @ Base ./Base.jl:495
  [9] exec_options(opts::Base.JLOptions)
    @ Base ./client.jl:318
 [10] _start()
    @ Base ./client.jl:552

Brain > 🧠 Lobe 'inquiry' created for subject: 'ask question wonder curious learn'. Cap: 20000 nodes. AIML tribe registered (cap=6666).

Brain > 🧠 Lobe 'planning' created for subject: 'plan strategy goal future intend'. Cap: 20000 nodes. AIML tribe registered (cap=6666).

Brain > 🧠 Lobe 'memory' created for subject: 'remember recall past history'. Cap: 20000 nodes. AIML tribe registered (cap=6666).

Brain > 🧠 Lobe 'nature' created for subject: 'sky river tree wind animal'. Cap: 20000 nodes. AIML tribe registered (cap=6666).

Brain > 🧠 Lobe 'craft' created for subject: 'tool make build hammer carve'. Cap: 20000 nodes. AIML tribe registered (cap=6666).

Brain > !!! SYSTEM ERROR: GrugBot420.Lobe.LobeError("Lobe 'alert' already exists. Grug not make duplicate cave!", "create_lobe!") !!!

Stacktrace:
  [1] throw_lobe_error(msg::String, ctx::String)
    @ GrugBot420.Lobe /workspace/grugbot420_repo/src/Lobe.jl:32
  [2] (::GrugBot420.Lobe.var"#2#3"{Int64, String, String})()
    @ GrugBot420.Lobe /workspace/grugbot420_repo/src/Lobe.jl:85
  [3] lock(f::GrugBot420.Lobe.var"#2#3"{Int64, String, String}, l::ReentrantLock)
    @ Base ./lock.jl:229
  [4] create_lobe!(id::String, subject::String; node_cap::Int64)
    @ GrugBot420.Lobe /workspace/grugbot420_repo/src/Lobe.jl:83
  [5] create_lobe!
    @ /workspace/grugbot420_repo/src/Lobe.jl:73 [inlined]
  [6] run_cli()
    @ GrugBot420 /workspace/grugbot420_repo/src/Main.jl:5174
  [7] top-level scope
    @ /workspace/grugbot420_repo/run_cli_file.jl:2
  [8] include(mod::Module, _path::String)
    @ Base ./Base.jl:495
  [9] exec_options(opts::Base.JLOptions)
    @ Base ./client.jl:318
 [10] _start()
    @ Base ./client.jl:552

Brain > 🧠 Lobe 'celebration' created for subject: 'celebrate joy happy glad cheerful'. Cap: 20000 nodes. AIML tribe registered (cap=6666).

Brain > 🧠 Lobe 'knowledge' created for subject: 'fire water wolf rock food'. Cap: 20000 nodes. AIML tribe registered (cap=6666).

Brain > --> Grug unpacking JSON node seeds for lobe 'greeting'...
🌱 Tribe expanded! Grug planted 1 new nodes into lobe 'greeting': [node_20]

Brain > --> Grug unpacking JSON node seeds for lobe 'greeting'...
🌱 Tribe expanded! Grug planted 1 new nodes into lobe 'greeting': [node_21]

Brain > --> Grug unpacking JSON node seeds for lobe 'greeting'...
🌱 Tribe expanded! Grug planted 1 new nodes into lobe 'greeting': [node_22]

Brain > --> Grug unpacking JSON node seeds for lobe 'knowledge'...
🌱 Tribe expanded! Grug planted 1 new nodes into lobe 'knowledge': [node_23]

Brain > --> Grug unpacking JSON node seeds for lobe 'knowledge'...
🌱 Tribe expanded! Grug planted 1 new nodes into lobe 'knowledge': [node_24]

Brain > --> Grug unpacking JSON node seeds for lobe 'knowledge'...
🌱 Tribe expanded! Grug planted 1 new nodes into lobe 'knowledge': [node_25]

Brain > --> Grug unpacking JSON node seeds for lobe 'knowledge'...
🌱 Tribe expanded! Grug planted 1 new nodes into lobe 'knowledge': [node_26]

Brain > --> Grug unpacking JSON node seeds for lobe 'knowledge'...
🌱 Tribe expanded! Grug planted 1 new nodes into lobe 'knowledge': [node_27]

Brain > --> Grug unpacking JSON node seeds for lobe 'reasoning'...
🌱 Tribe expanded! Grug planted 1 new nodes into lobe 'reasoning': [node_28]

Brain > --> Grug unpacking JSON node seeds for lobe 'reasoning'...
🌱 Tribe expanded! Grug planted 1 new nodes into lobe 'reasoning': [node_29]

Brain > --> Grug unpacking JSON node seeds for lobe 'reasoning'...
🌱 Tribe expanded! Grug planted 1 new nodes into lobe 'reasoning': [node_30]

Brain > --> Grug unpacking JSON node seeds for lobe 'reasoning'...
🌱 Tribe expanded! Grug planted 1 new nodes into lobe 'reasoning': [node_31]

Brain > --> Grug unpacking JSON node seeds for lobe 'survival'...
🌱 Tribe expanded! Grug planted 1 new nodes into lobe 'survival': [node_32]

Brain > --> Grug unpacking JSON node seeds for lobe 'survival'...
🌱 Tribe expanded! Grug planted 1 new nodes into lobe 'survival': [node_33]

Brain > --> Grug unpacking JSON node seeds for lobe 'survival'...
🌱 Tribe expanded! Grug planted 1 new nodes into lobe 'survival': [node_34]

Brain > --> Grug unpacking JSON node seeds for lobe 'survival'...
🌱 Tribe expanded! Grug planted 1 new nodes into lobe 'survival': [node_35]

Brain > --> Grug unpacking JSON node seeds for lobe 'explanation'...
🌱 Tribe expanded! Grug planted 1 new nodes into lobe 'explanation': [node_36]

Brain > --> Grug unpacking JSON node seeds for lobe 'explanation'...
🌱 Tribe expanded! Grug planted 1 new nodes into lobe 'explanation': [node_37]

Brain > --> Grug unpacking JSON node seeds for lobe 'explanation'...
🌱 Tribe expanded! Grug planted 1 new nodes into lobe 'explanation': [node_38]

Brain > --> Grug unpacking JSON node seeds for lobe 'explanation'...
🌱 Tribe expanded! Grug planted 1 new nodes into lobe 'explanation': [node_39]

Brain > --> Grug unpacking JSON node seeds for lobe 'comfort'...
🌱 Tribe expanded! Grug planted 1 new nodes into lobe 'comfort': [node_40]

Brain > --> Grug unpacking JSON node seeds for lobe 'comfort'...
🌱 Tribe expanded! Grug planted 1 new nodes into lobe 'comfort': [node_41]

Brain > --> Grug unpacking JSON node seeds for lobe 'comfort'...
🌱 Tribe expanded! Grug planted 1 new nodes into lobe 'comfort': [node_42]

Brain > --> Grug unpacking JSON node seeds for lobe 'comfort'...
🌱 Tribe expanded! Grug planted 1 new nodes into lobe 'comfort': [node_43]

Brain > --> Grug unpacking JSON node seeds for lobe 'inquiry'...
🌱 Tribe expanded! Grug planted 1 new nodes into lobe 'inquiry': [node_44]

Brain > --> Grug unpacking JSON node seeds for lobe 'inquiry'...
🌱 Tribe expanded! Grug planted 1 new nodes into lobe 'inquiry': [node_45]

Brain > --> Grug unpacking JSON node seeds for lobe 'inquiry'...
🌱 Tribe expanded! Grug planted 1 new nodes into lobe 'inquiry': [node_46]

Brain > --> Grug unpacking JSON node seeds for lobe 'planning'...
🌱 Tribe expanded! Grug planted 1 new nodes into lobe 'planning': [node_47]

Brain > --> Grug unpacking JSON node seeds for lobe 'planning'...
🌱 Tribe expanded! Grug planted 1 new nodes into lobe 'planning': [node_48]

Brain > --> Grug unpacking JSON node seeds for lobe 'planning'...
🌱 Tribe expanded! Grug planted 1 new nodes into lobe 'planning': [node_49]

Brain > --> Grug unpacking JSON node seeds for lobe 'memory'...
🌱 Tribe expanded! Grug planted 1 new nodes into lobe 'memory': [node_50]

Brain > --> Grug unpacking JSON node seeds for lobe 'memory'...
🌱 Tribe expanded! Grug planted 1 new nodes into lobe 'memory': [node_51]

Brain > --> Grug unpacking JSON node seeds for lobe 'nature'...
🌱 Tribe expanded! Grug planted 1 new nodes into lobe 'nature': [node_52]

Brain > --> Grug unpacking JSON node seeds for lobe 'nature'...
🌱 Tribe expanded! Grug planted 1 new nodes into lobe 'nature': [node_53]

Brain > --> Grug unpacking JSON node seeds for lobe 'nature'...
🌱 Tribe expanded! Grug planted 1 new nodes into lobe 'nature': [node_54]

Brain > --> Grug unpacking JSON node seeds for lobe 'craft'...
🌱 Tribe expanded! Grug planted 1 new nodes into lobe 'craft': [node_55]

Brain > --> Grug unpacking JSON node seeds for lobe 'craft'...
🌱 Tribe expanded! Grug planted 1 new nodes into lobe 'craft': [node_56]

Brain > --> Grug unpacking JSON node seeds for lobe 'alert'...
🌱 Tribe expanded! Grug planted 1 new nodes into lobe 'alert': [node_57]

Brain > --> Grug unpacking JSON node seeds for lobe 'alert'...
🌱 Tribe expanded! Grug planted 1 new nodes into lobe 'alert': [node_58]

Brain > --> Grug unpacking JSON node seeds for lobe 'alert'...
🌱 Tribe expanded! Grug planted 1 new nodes into lobe 'alert': [node_59]

Brain > --> Grug unpacking JSON node seeds for lobe 'celebration'...
🌱 Tribe expanded! Grug planted 1 new nodes into lobe 'celebration': [node_60]

Brain > --> Grug unpacking JSON node seeds for lobe 'celebration'...
🌱 Tribe expanded! Grug planted 1 new nodes into lobe 'celebration': [node_61]

Brain > --> Grug unpacking JSON node seeds for lobe 'knowledge'...
🌱 Tribe expanded! Grug planted 1 new nodes into lobe 'knowledge': [node_62]

Brain > --> Grug unpacking JSON node seeds for lobe 'explanation'...
🌱 Tribe expanded! Grug planted 1 new nodes into lobe 'explanation': [node_63]

Brain > --> Grug unpacking JSON node seeds for lobe 'knowledge'...
🌱 Tribe expanded! Grug planted 1 new nodes into lobe 'knowledge': [node_64]

Brain > --> Grug unpacking JSON node seeds for lobe 'explanation'...
🌱 Tribe expanded! Grug planted 1 new nodes into lobe 'explanation': [node_65]

Brain > --> Grug unpacking JSON node seeds for lobe 'knowledge'...
🌱 Tribe expanded! Grug planted 1 new nodes into lobe 'knowledge': [node_66]

Brain > --> Grug unpacking JSON node seeds for lobe 'explanation'...
🌱 Tribe expanded! Grug planted 1 new nodes into lobe 'explanation': [node_67]

Brain > --> Grug unpacking JSON node seeds for lobe 'knowledge'...
🌱 Tribe expanded! Grug planted 1 new nodes into lobe 'knowledge': [node_68]

Brain > --> Grug unpacking JSON node seeds for lobe 'explanation'...
🌱 Tribe expanded! Grug planted 1 new nodes into lobe 'explanation': [node_69]

Brain > --> Grug unpacking JSON node seeds for lobe 'knowledge'...
🌱 Tribe expanded! Grug planted 1 new nodes into lobe 'knowledge': [node_70]

Brain > --> Grug unpacking JSON node seeds for lobe 'explanation'...
🌱 Tribe expanded! Grug planted 1 new nodes into lobe 'explanation': [node_71]

Brain > --> Grug unpacking JSON node seeds for lobe 'knowledge'...
🌱 Tribe expanded! Grug planted 1 new nodes into lobe 'knowledge': [node_72]

Brain > --> Grug unpacking JSON node seeds for lobe 'explanation'...
🌱 Tribe expanded! Grug planted 1 new nodes into lobe 'explanation': [node_73]

Brain > --> Grug unpacking JSON node seeds for lobe 'knowledge'...
🌱 Tribe expanded! Grug planted 1 new nodes into lobe 'knowledge': [node_74]

Brain > --> Grug unpacking JSON node seeds for lobe 'explanation'...
🌱 Tribe expanded! Grug planted 1 new nodes into lobe 'explanation': [node_75]

Brain > --> Grug unpacking JSON node seeds for lobe 'knowledge'...
🌱 Tribe expanded! Grug planted 1 new nodes into lobe 'knowledge': [node_76]

Brain > --> Grug unpacking JSON node seeds for lobe 'explanation'...
🌱 Tribe expanded! Grug planted 1 new nodes into lobe 'explanation': [node_77]

Brain > --> Grug unpacking JSON node seeds for lobe 'knowledge'...
🌱 Tribe expanded! Grug planted 1 new nodes into lobe 'knowledge': [node_78]

Brain > --> Grug unpacking JSON node seeds for lobe 'explanation'...
🌱 Tribe expanded! Grug planted 1 new nodes into lobe 'explanation': [node_79]

Brain > --> Grug unpacking JSON node seeds for lobe 'knowledge'...
🌱 Tribe expanded! Grug planted 1 new nodes into lobe 'knowledge': [node_80]

Brain > --> Grug unpacking JSON node seeds for lobe 'explanation'...
🌱 Tribe expanded! Grug planted 1 new nodes into lobe 'explanation': [node_81]

Brain > --> Grug unpacking JSON node seeds for lobe 'knowledge'...
🌱 Tribe expanded! Grug planted 1 new nodes into lobe 'knowledge': [node_82]

Brain > --> Grug unpacking JSON node seeds for lobe 'explanation'...
🌱 Tribe expanded! Grug planted 1 new nodes into lobe 'explanation': [node_83]

Brain > --> Grug unpacking JSON node seeds for lobe 'knowledge'...
🌱 Tribe expanded! Grug planted 1 new nodes into lobe 'knowledge': [node_84]

Brain > --> Grug unpacking JSON node seeds for lobe 'explanation'...
🌱 Tribe expanded! Grug planted 1 new nodes into lobe 'explanation': [node_85]

Brain > --> Grug unpacking JSON node seeds for lobe 'knowledge'...
🌱 Tribe expanded! Grug planted 1 new nodes into lobe 'knowledge': [node_86]

Brain > --> Grug unpacking JSON node seeds for lobe 'explanation'...
🌱 Tribe expanded! Grug planted 1 new nodes into lobe 'explanation': [node_87]

Brain > --> Grug unpacking JSON node seeds for lobe 'knowledge'...
🌱 Tribe expanded! Grug planted 1 new nodes into lobe 'knowledge': [node_88]

Brain > --> Grug unpacking JSON node seeds for lobe 'explanation'...
🌱 Tribe expanded! Grug planted 1 new nodes into lobe 'explanation': [node_89]

Brain > --> Grug unpacking JSON node seeds for lobe 'knowledge'...
🌱 Tribe expanded! Grug planted 1 new nodes into lobe 'knowledge': [node_90]

Brain > --> Grug unpacking JSON node seeds for lobe 'explanation'...
🌱 Tribe expanded! Grug planted 1 new nodes into lobe 'explanation': [node_91]

Brain > --> Grug unpacking JSON node seeds for lobe 'knowledge'...
🌱 Tribe expanded! Grug planted 1 new nodes into lobe 'knowledge': [node_92]

Brain > --> Grug unpacking JSON node seeds for lobe 'explanation'...
🌱 Tribe expanded! Grug planted 1 new nodes into lobe 'explanation': [node_93]

Brain > --> Grug unpacking JSON node seeds for lobe 'knowledge'...
🌱 Tribe expanded! Grug planted 1 new nodes into lobe 'knowledge': [node_94]

Brain > --> Grug unpacking JSON node seeds for lobe 'explanation'...
🌱 Tribe expanded! Grug planted 1 new nodes into lobe 'explanation': [node_95]

Brain > --> Grug unpacking JSON node seeds for lobe 'knowledge'...
🌱 Tribe expanded! Grug planted 1 new nodes into lobe 'knowledge': [node_96]

Brain > --> Grug unpacking JSON node seeds for lobe 'explanation'...
🌱 Tribe expanded! Grug planted 1 new nodes into lobe 'explanation': [node_97]

Brain > 🧠 Lobe 'identity' created for subject: 'who grug is and what grug does'. Cap: 20000 nodes. AIML tribe registered (cap=6666).

Brain > --> Grug unpacking JSON node seeds for lobe 'identity'...
🌱 Tribe expanded! Grug planted 1 new nodes into lobe 'identity': [node_98]

Brain > --> Grug unpacking JSON node seeds for lobe 'identity'...
🌱 Tribe expanded! Grug planted 1 new nodes into lobe 'identity': [node_99]

Brain > --> Grug unpacking JSON node seeds for lobe 'identity'...
🌱 Tribe expanded! Grug planted 1 new nodes into lobe 'identity': [node_100]

Brain > --> Grug unpacking JSON node seeds for lobe 'identity'...
🌱 Tribe expanded! Grug planted 1 new nodes into lobe 'identity': [node_101]

Brain > --> Grug unpacking JSON node seeds for lobe 'identity'...
🌱 Tribe expanded! Grug planted 1 new nodes into lobe 'identity': [node_102]

Brain > --> Grug unpacking JSON node seeds for lobe 'identity'...
🌱 Tribe expanded! Grug planted 1 new nodes into lobe 'identity': [node_103]

Brain > --> Grug unpacking JSON node seeds for lobe 'identity'...
🌱 Tribe expanded! Grug planted 1 new nodes into lobe 'identity': [node_104]

Brain > --> Grug unpacking JSON node seeds for lobe 'identity'...
🌱 Tribe expanded! Grug planted 1 new nodes into lobe 'identity': [node_105]

Brain > --> Grug unpacking JSON node seeds for lobe 'identity'...
🌱 Tribe expanded! Grug planted 1 new nodes into lobe 'identity': [node_106]

Brain > --> Grug unpacking JSON node seeds for lobe 'identity'...
🌱 Tribe expanded! Grug planted 1 new nodes into lobe 'identity': [node_107]

Brain > --> Grug unpacking JSON node seeds for lobe 'identity'...
🌱 Tribe expanded! Grug planted 1 new nodes into lobe 'identity': [node_108]

Brain > --> Grug unpacking JSON node seeds for lobe 'identity'...
🌱 Tribe expanded! Grug planted 1 new nodes into lobe 'identity': [node_109]

Brain > --> Grug unpacking JSON node seeds for lobe 'identity'...
🌱 Tribe expanded! Grug planted 1 new nodes into lobe 'identity': [node_110]

Brain > --> Grug unpacking JSON node seeds for lobe 'identity'...
🌱 Tribe expanded! Grug planted 1 new nodes into lobe 'identity': [node_111]

Brain > --> Grug unpacking JSON node seeds for lobe 'identity'...
🌱 Tribe expanded! Grug planted 1 new nodes into lobe 'identity': [node_112]

Brain > --> Grug unpacking JSON node seeds for lobe 'identity'...
🌱 Tribe expanded! Grug planted 1 new nodes into lobe 'identity': [node_113]

Brain > --> Grug unpacking JSON node seeds for lobe 'identity'...
🌱 Tribe expanded! Grug planted 1 new nodes into lobe 'identity': [node_114]

Brain > --> Grug unpacking JSON node seeds for lobe 'identity'...
🌱 Tribe expanded! Grug planted 1 new nodes into lobe 'identity': [node_115]

Brain > ⚠  /newLobe: subject contains '_' or '-'. These are normalized to spaces during topicality matching, but you probably wanted plain space-separated keywords. Consider: '/newLobe core_rules speak plain culture rules — always on'
🧠 Lobe 'core_rules' created for subject: 'speak-plain culture rules — always-on'. Cap: 20000 nodes. AIML tribe registered (cap=6666).

Brain > --> Grug unpacking JSON node seeds for lobe 'identity'...
🌱 Tribe expanded! Grug planted 1 new nodes into lobe 'identity': [node_116]

Brain > --> Grug unpacking JSON node seeds for lobe 'identity'...
🌱 Tribe expanded! Grug planted 1 new nodes into lobe 'identity': [node_117]

Brain > --> Grug unpacking JSON node seeds for lobe 'identity'...
🌱 Tribe expanded! Grug planted 1 new nodes into lobe 'identity': [node_118]

Brain > --> Grug unpacking JSON node seeds for lobe 'identity'...
🌱 Tribe expanded! Grug planted 1 new nodes into lobe 'identity': [node_119]

Brain > --> Grug unpacking JSON node seeds for lobe 'identity'...
🌱 Tribe expanded! Grug planted 1 new nodes into lobe 'identity': [node_120]

Brain > --> Grug unpacking JSON node seeds for lobe 'identity'...
🌱 Tribe expanded! Grug planted 1 new nodes into lobe 'identity': [node_121]

Brain > --> Grug unpacking JSON node seeds for lobe 'core_rules'...
🌱 Tribe expanded! Grug planted 1 new nodes into lobe 'core_rules': [node_122]

Brain > --> Grug unpacking JSON node seeds for lobe 'core_rules'...
🌱 Tribe expanded! Grug planted 1 new nodes into lobe 'core_rules': [node_123]

Brain > --> Grug unpacking JSON node seeds for lobe 'core_rules'...
🌱 Tribe expanded! Grug planted 1 new nodes into lobe 'core_rules': [node_124]

Brain > --> Grug unpacking JSON node seeds for lobe 'core_rules'...
🌱 Tribe expanded! Grug planted 1 new nodes into lobe 'core_rules': [node_125]

Brain > 📌 Grug pinned text to Memory Wall!

Brain > 📌 Grug pinned text to Memory Wall!

Brain > 📌 Grug pinned text to Memory Wall!

Brain > 📌 Grug pinned text to Memory Wall!

Brain > 📌 Grug pinned text to Memory Wall!

Brain > --> Grug freezing entire cave to specimen file...
┌ Warning: Replacing docs for `GrugBot420.words_to_signal :: Tuple{String}` in module `GrugBot420`
└ @ Base.Docs docs/Docs.jl:243
┌ Warning: Replacing docs for `GrugBot420.rewrite_passive_mission :: Tuple{String}` in module `GrugBot420`
└ @ Base.Docs docs/Docs.jl:243
┌ Warning: Replacing docs for `GrugBot420.extract_relational_triples :: Tuple{String}` in module `GrugBot420`
└ @ Base.Docs docs/Docs.jl:243
┌ Warning: Replacing docs for `GrugBot420.extract_dynamic_relational_triples :: Tuple{String, Int64}` in module `GrugBot420`
└ @ Base.Docs docs/Docs.jl:243
┌ Warning: Replacing docs for `GrugBot420.evaluate_relational_dialectics :: Tuple{Vector{GrugBot420.RelationalTriple}, Vector{GrugBot420.RelationalTriple}, Vector{String}, Dict{String, Float64}}` in module `GrugBot420`
└ @ Base.Docs docs/Docs.jl:243
┌ Warning: Replacing docs for `GrugBot420.hopfield_input_hash :: Tuple{String}` in module `GrugBot420`
└ @ Base.Docs docs/Docs.jl:243
┌ Warning: Replacing docs for `GrugBot420.hopfield_lookup :: Tuple{UInt64}` in module `GrugBot420`
└ @ Base.Docs docs/Docs.jl:243
┌ Warning: Replacing docs for `GrugBot420.hopfield_record! :: Tuple{UInt64, Vector{String}}` in module `GrugBot420`
└ @ Base.Docs docs/Docs.jl:243
┌ Warning: Replacing docs for `GrugBot420.is_nonjitter :: Tuple{GrugBot420.Node}` in module `GrugBot420`
└ @ Base.Docs docs/Docs.jl:243
┌ Warning: Replacing docs for `GrugBot420.set_nonjitter! :: Tuple{GrugBot420.Node}` in module `GrugBot420`
└ @ Base.Docs docs/Docs.jl:243
┌ Warning: Replacing docs for `GrugBot420.clear_nonjitter! :: Tuple{GrugBot420.Node}` in module `GrugBot420`
└ @ Base.Docs docs/Docs.jl:243
┌ Warning: Replacing docs for `GrugBot420.collect_nonjitter_ids :: Tuple{}` in module `GrugBot420`
└ @ Base.Docs docs/Docs.jl:243
┌ Warning: Replacing docs for `GrugBot420.jitter_allowed_for :: Tuple{GrugBot420.Node, Float64}` in module `GrugBot420`
└ @ Base.Docs docs/Docs.jl:243
┌ Warning: Replacing docs for `GrugBot420.is_solidified :: Tuple{GrugBot420.Node}` in module `GrugBot420`
└ @ Base.Docs docs/Docs.jl:243
┌ Warning: Replacing docs for `GrugBot420.check_solidify_threshold! :: Tuple{GrugBot420.Node}` in module `GrugBot420`
└ @ Base.Docs docs/Docs.jl:243
┌ Warning: Replacing docs for `GrugBot420.bump_strength! :: Tuple{GrugBot420.Node}` in module `GrugBot420`
└ @ Base.Docs docs/Docs.jl:243
┌ Warning: Replacing docs for `GrugBot420.penalize_strength! :: Tuple{GrugBot420.Node}` in module `GrugBot420`
└ @ Base.Docs docs/Docs.jl:243
┌ Warning: Replacing docs for `GrugBot420.mark_node_grave! :: Tuple{GrugBot420.Node, String}` in module `GrugBot420`
└ @ Base.Docs docs/Docs.jl:243
┌ Warning: Replacing docs for `GrugBot420.mark_node_contributor! :: Tuple{GrugBot420.Node}` in module `GrugBot420`
└ @ Base.Docs docs/Docs.jl:243
┌ Warning: Replacing docs for `GrugBot420.try_link_nodes! :: Tuple{GrugBot420.Node, GrugBot420.Node}` in module `GrugBot420`
└ @ Base.Docs docs/Docs.jl:243
┌ Warning: Replacing docs for `GrugBot420.find_best_latch_target :: Tuple{GrugBot420.Node}` in module `GrugBot420`
└ @ Base.Docs docs/Docs.jl:243
┌ Warning: Replacing docs for `GrugBot420._token_overlap_similarity :: Tuple{String, String}` in module `GrugBot420`
└ @ Base.Docs docs/Docs.jl:243
┌ Warning: Replacing docs for `GrugBot420.next_group_id :: Tuple{}` in module `GrugBot420`
└ @ Base.Docs docs/Docs.jl:243
┌ Warning: Replacing docs for `GrugBot420.register_group! :: Tuple{GrugBot420.Node}` in module `GrugBot420`
└ @ Base.Docs docs/Docs.jl:243
┌ Warning: Replacing docs for `GrugBot420.add_to_group! :: Tuple{GrugBot420.NodeGroup, String}` in module `GrugBot420`
└ @ Base.Docs docs/Docs.jl:243
┌ Warning: Replacing docs for `GrugBot420.mark_group_grave_slot! :: Tuple{String}` in module `GrugBot420`
└ @ Base.Docs docs/Docs.jl:243
┌ Warning: Replacing docs for `GrugBot420.group_for :: Tuple{String}` in module `GrugBot420`
└ @ Base.Docs docs/Docs.jl:243
┌ Warning: Replacing docs for `GrugBot420.chatter_cooldown_remaining :: Tuple{String}` in module `GrugBot420`
└ @ Base.Docs docs/Docs.jl:243
┌ Warning: Replacing docs for `GrugBot420.stamp_chatter! :: Tuple{String}` in module `GrugBot420`
└ @ Base.Docs docs/Docs.jl:243
┌ Warning: Replacing docs for `GrugBot420.attach_node! :: Tuple{String, String, String}` in module `GrugBot420`
└ @ Base.Docs docs/Docs.jl:243
┌ Warning: Replacing docs for `GrugBot420.detach_node! :: Tuple{String, String}` in module `GrugBot420`
└ @ Base.Docs docs/Docs.jl:243
┌ Warning: Replacing docs for `GrugBot420.fire_attachments! :: Tuple{String, Int64, Int64}` in module `GrugBot420`
└ @ Base.Docs docs/Docs.jl:243
┌ Warning: Replacing docs for `GrugBot420.get_attachment_summary :: Tuple{}` in module `GrugBot420`
└ @ Base.Docs docs/Docs.jl:243
┌ Warning: Replacing docs for `GrugBot420.get_attachments_for_target :: Tuple{String}` in module `GrugBot420`
└ @ Base.Docs docs/Docs.jl:243
┌ Warning: Replacing docs for `GrugBot420.crystalize_attachment! :: Tuple{String, String}` in module `GrugBot420`
└ @ Base.Docs docs/Docs.jl:243
┌ Warning: Replacing docs for `GrugBot420.decrystalize_attachment! :: Tuple{String, String}` in module `GrugBot420`
└ @ Base.Docs docs/Docs.jl:243
┌ Warning: Replacing docs for `GrugBot420._semantic_truth_score :: Tuple{Any}` in module `GrugBot420`
└ @ Base.Docs docs/Docs.jl:243
┌ Warning: Replacing docs for `GrugBot420.auto_crystalize_sweep! :: Tuple{}` in module `GrugBot420`
└ @ Base.Docs docs/Docs.jl:243
┌ Warning: Replacing docs for `GrugBot420.is_crystalized :: Tuple{String, String}` in module `GrugBot420`
└ @ Base.Docs docs/Docs.jl:243
┌ Warning: Replacing docs for `GrugBot420._sdf_signal_similarity :: Tuple{Vector{Float64}, Vector{Float64}}` in module `GrugBot420`
└ @ Base.Docs docs/Docs.jl:243
┌ Warning: Replacing docs for `GrugBot420.attach_image_node! :: Tuple{String, String, Vector{UInt8}, Int64, Int64}` in module `GrugBot420`
└ @ Base.Docs docs/Docs.jl:243
┌ Warning: Replacing docs for `GrugBot420.reset_throttle! :: Tuple{GrugBot420.Node, Float64}` in module `GrugBot420`
└ @ Base.Docs docs/Docs.jl:243
┌ Warning: Replacing docs for `GrugBot420.create_node :: Tuple{String, String, Dict, Vector{String}}` in module `GrugBot420`
└ @ Base.Docs docs/Docs.jl:243
┌ Warning: Replacing docs for `GrugBot420.parse_action_packet :: Tuple{String}` in module `GrugBot420`
└ @ Base.Docs docs/Docs.jl:243
┌ Warning: Replacing docs for `GrugBot420.select_action :: Tuple{String}` in module `GrugBot420`
└ @ Base.Docs docs/Docs.jl:243
┌ Warning: Replacing docs for `GrugBot420.screen_input_complexity :: Tuple{Vector{Float64}, Vector{GrugBot420.RelationalTriple}}` in module `GrugBot420`
└ @ Base.Docs docs/Docs.jl:243
┌ Warning: Replacing docs for `GrugBot420._effective_scan_mode :: Tuple{Int64, Vector{Float64}}` in module `GrugBot420`
└ @ Base.Docs docs/Docs.jl:243
┌ Warning: Replacing docs for `GrugBot420._bidirectional_cheap_scan :: Tuple{Vector{Float64}, Vector{Float64}}` in module `GrugBot420`
└ @ Base.Docs docs/Docs.jl:243
┌ Warning: Replacing docs for `GrugBot420.collect_drop_table_neighbors :: Tuple{GrugBot420.Node}` in module `GrugBot420`
└ @ Base.Docs docs/Docs.jl:243
┌ Warning: Replacing docs for `GrugBot420.strength_biased_scan_coinflip :: Tuple{GrugBot420.Node}` in module `GrugBot420`
└ @ Base.Docs docs/Docs.jl:243
┌ Warning: Replacing docs for `GrugBot420.scan_specimens :: Tuple{String}` in module `GrugBot420`
└ @ Base.Docs docs/Docs.jl:243
┌ Warning: Replacing docs for `GrugBot420.scan_and_expand :: Tuple{String}` in module `GrugBot420`
└ @ Base.Docs docs/Docs.jl:243
┌ Warning: Replacing docs for `GrugBot420.cast_vote :: NTuple{5, Any}` in module `GrugBot420`
└ @ Base.Docs docs/Docs.jl:243
┌ Warning: Replacing docs for `GrugBot420.cast_explicit_vote :: Tuple{String, String}` in module `GrugBot420`
└ @ Base.Docs docs/Docs.jl:243
┌ Warning: Replacing docs for `GrugBot420.apply_right_feedback! :: Tuple{Vector{String}}` in module `GrugBot420`
└ @ Base.Docs docs/Docs.jl:243
┌ Warning: Replacing docs for `GrugBot420.ensure_action_packet_registered! :: Tuple{AbstractString}` in module `GrugBot420`
└ @ Base.Docs docs/Docs.jl:243
┌ Warning: Replacing docs for `GrugBot420.grow_nodes_from_packet :: Tuple{String}` in module `GrugBot420`
└ @ Base.Docs docs/Docs.jl:243
┌ Warning: Replacing docs for `GrugBot420.get_node_status_summary :: Tuple{}` in module `GrugBot420`
└ @ Base.Docs docs/Docs.jl:243
┌ Warning: Replacing docs for `GrugBot420.add_orchestration_rule! :: Tuple{String}` in module `GrugBot420`
└ @ Base.Docs docs/Docs.jl:243
┌ Warning: Replacing docs for `GrugBot420.count_alive_nodes_in_lobe :: Tuple{String}` in module `GrugBot420`
└ @ Base.Docs docs/Docs.jl:243
┌ Warning: [SEMANTIC] Relation class 'causal' already exists. No change.
└ @ GrugBot420.SemanticVerbs /workspace/grugbot420_repo/src/SemanticVerbs.jl:90
┌ Warning: [SEMANTIC] Relation class 'spatial' already exists. No change.
└ @ GrugBot420.SemanticVerbs /workspace/grugbot420_repo/src/SemanticVerbs.jl:90
┌ Warning: [SEMANTIC] Relation class 'epistemic' already exists. No change.
└ @ GrugBot420.SemanticVerbs /workspace/grugbot420_repo/src/SemanticVerbs.jl:90
[ Info: [SEMANTIC] ✅  New relation class added: 'emotive'
┌ Warning: [SEMANTIC] Verb 'causes' already in class 'causal'. No change.
└ @ GrugBot420.SemanticVerbs /workspace/grugbot420_repo/src/SemanticVerbs.jl:128
┌ Warning: [SEMANTIC] Verb 'makes' already in class 'causal'. No change.
└ @ GrugBot420.SemanticVerbs /workspace/grugbot420_repo/src/SemanticVerbs.jl:128
[ Info: [SEMANTIC] ✅  Verb 'triggers' added to class 'causal'
[ Info: [SEMANTIC] ✅  Verb 'leads_to' added to class 'causal'
┌ Warning: [SEMANTIC] Verb 'burns' already registered under class 'action'. Adding to 'causal' too. Polysemy cave — verb may match multiple relation types.
└ @ GrugBot420.SemanticVerbs /workspace/grugbot420_repo/src/SemanticVerbs.jl:137
[ Info: [SEMANTIC] ✅  Verb 'burns' added to class 'causal'
┌ Warning: [SEMANTIC] Verb 'hits' already in class 'causal'. No change.
└ @ GrugBot420.SemanticVerbs /workspace/grugbot420_repo/src/SemanticVerbs.jl:128
[ Info: [SEMANTIC] ✅  Verb 'feeds' added to class 'causal'
[ Info: [SEMANTIC] ✅  Verb 'eats' added to class 'causal'
[ Info: [SEMANTIC] ✅  Verb 'near' added to class 'spatial'
[ Info: [SEMANTIC] ✅  Verb 'above' added to class 'spatial'
[ Info: [SEMANTIC] ✅  Verb 'below' added to class 'spatial'
[ Info: [SEMANTIC] ✅  Verb 'inside' added to class 'spatial'
[ Info: [SEMANTIC] ✅  Verb 'before' added to class 'temporal'
[ Info: [SEMANTIC] ✅  Verb 'after' added to class 'temporal'
[ Info: [SEMANTIC] ✅  Verb 'during' added to class 'temporal'
[ Info: [SEMANTIC] ✅  Verb 'believes' added to class 'epistemic'
┌ Warning: [SEMANTIC] Verb 'knows' already in class 'epistemic'. No change.
└ @ GrugBot420.SemanticVerbs /workspace/grugbot420_repo/src/SemanticVerbs.jl:128
[ Info: [SEMANTIC] ✅  Verb 'doubts' added to class 'epistemic'
[ Info: [SEMANTIC] ✅  Verb 'feels' added to class 'emotive'
[ Info: [SEMANTIC] ✅  Verb 'fears' added to class 'emotive'
[ Info: [SEMANTIC] ✅  Verb 'loves' added to class 'emotive'
[ Info: [SEMANTIC] ✅  Verb 'misses' added to class 'emotive'

╔══════════════════════════════════════════════════════════════╗
║            🧊 SPECIMEN SAVED SUCCESSFULLY                    ║
╠══════════════════════════════════════════════════════════════╣
  📁  File             : kitchen_sink.specimen.gz
  📦  JSON size        : 523024 bytes
  🗜️   Compressed size  : 54407 bytes (89.6% smaller)
  ⏱️   Time             : 0.45s
  ─────────────────────────────────────────────
  🌱  Nodes            : 126
  🧠  Lobes            : 16
  📋  Lobe tables      : 16
  ⚡  Hopfield entries  : 0
  ⚙️   Rules            : 0
  💬  Messages         : 256
  🔧  Verb classes     : 6
  🔤  Thesaurus words  : 499
  🚫  Inhibitions      : 0
  🔗  Attachments      : 0
  🔮  Trajectory entries : 0
  🕐  Temporal coherence : 0
  ⏳  Morph cooldowns    : 0
  🤖  AIML nodes       : 0
  👁   Arousal          : 0.3
╚══════════════════════════════════════════════════════════════╝

Brain > [GRUG] 👋 /quit received. Cave closes. Goodbye.
