WARNING: redefinition of constant GrugBot420.CAUSAL_VERBS. This may fail, cause incorrect answers, or produce other errors.
WARNING: redefinition of constant GrugBot420.SPATIAL_VERBS. This may fail, cause incorrect answers, or produce other errors.
WARNING: redefinition of constant GrugBot420.TEMPORAL_VERBS. This may fail, cause incorrect answers, or produce other errors.
WARNING: redefinition of constant GrugBot420.NODE_MAP. This may fail, cause incorrect answers, or produce other errors.
WARNING: redefinition of constant GrugBot420.COMMANDS. This may fail, cause incorrect answers, or produce other errors.
WARNING: redefinition of constant GrugBot420.NODE_LOCK. This may fail, cause incorrect answers, or produce other errors.
WARNING: redefinition of constant GrugBot420.ID_COUNTER. This may fail, cause incorrect answers, or produce other errors.
WARNING: redefinition of constant GrugBot420.HOPFIELD_CACHE. This may fail, cause incorrect answers, or produce other errors.
WARNING: redefinition of constant GrugBot420.HOPFIELD_CACHE_LOCK. This may fail, cause incorrect answers, or produce other errors.
WARNING: redefinition of constant GrugBot420.HOPFIELD_HIT_COUNTS. This may fail, cause incorrect answers, or produce other errors.
WARNING: redefinition of constant GrugBot420.ATTACHMENT_MAP. This may fail, cause incorrect answers, or produce other errors.
WARNING: redefinition of constant GrugBot420.ATTACHMENT_LOCK. This may fail, cause incorrect answers, or produce other errors.
WARNING: redefinition of constant GrugBot420.GROUP_MAP. This may fail, cause incorrect answers, or produce other errors.
WARNING: redefinition of constant GrugBot420.GROUP_LOCK. This may fail, cause incorrect answers, or produce other errors.
WARNING: redefinition of constant GrugBot420.GROUP_COUNTER. This may fail, cause incorrect answers, or produce other errors.
WARNING: redefinition of constant GrugBot420.NODE_TO_GROUP. This may fail, cause incorrect answers, or produce other errors.
WARNING: redefinition of constant GrugBot420.CHATTER_NODE_COOLDOWN. This may fail, cause incorrect answers, or produce other errors.
WARNING: redefinition of constant GrugBot420.CHATTER_NODE_COOLDOWN_LOCK. This may fail, cause incorrect answers, or produce other errors.
WARNING: redefinition of constant GrugBot420._LAST_FIRE_COUNTER. This may fail, cause incorrect answers, or produce other errors.
WARNING: redefinition of constant GrugBot420.STOPWORDS. This may fail, cause incorrect answers, or produce other errors.
WARNING: redefinition of constant GrugBot420.AIML_DROP_TABLE. This may fail, cause incorrect answers, or produce other errors.
WARNING: redefinition of constant GrugBot420.ALLOWED_RULE_TAGS. This may fail, cause incorrect answers, or produce other errors.
┌ Warning: Replacing docs for `GrugBot420.words_to_signal :: Tuple{String}` in module `GrugBot420`
└ @ Base.Docs docs/Docs.jl:243
┌ Warning: Replacing docs for `GrugBot420.rewrite_passive_mission :: Tuple{String}` in module `GrugBot420`
└ @ Base.Docs docs/Docs.jl:243
┌ Warning: Replacing docs for `GrugBot420.extract_relational_triples :: Tuple{String}` in module `GrugBot420`
└ @ Base.Docs docs/Docs.jl:243
┌ Warning: Replacing docs for `GrugBot420.extract_dynamic_relational_triples :: Tuple{String, Int64}` in module `GrugBot420`
└ @ Base.Docs docs/Docs.jl:243
┌ Warning: Replacing docs for `GrugBot420.evaluate_relational_dialectics :: Tuple{Vector{GrugBot420.RelationalTriple}, Vector{GrugBot420.RelationalTriple}, Vector{String}, Dict{String, Float64}}` in module `GrugBot420`
└ @ Base.Docs docs/Docs.jl:243
┌ Warning: Replacing docs for `GrugBot420.hopfield_input_hash :: Tuple{String}` in module `GrugBot420`
└ @ Base.Docs docs/Docs.jl:243
┌ Warning: Replacing docs for `GrugBot420.hopfield_lookup :: Tuple{UInt64}` in module `GrugBot420`
└ @ Base.Docs docs/Docs.jl:243
┌ Warning: Replacing docs for `GrugBot420.hopfield_record! :: Tuple{UInt64, Vector{String}}` in module `GrugBot420`
└ @ Base.Docs docs/Docs.jl:243
┌ Warning: Replacing docs for `GrugBot420.is_nonjitter :: Tuple{GrugBot420.Node}` in module `GrugBot420`
└ @ Base.Docs docs/Docs.jl:243
┌ Warning: Replacing docs for `GrugBot420.set_nonjitter! :: Tuple{GrugBot420.Node}` in module `GrugBot420`
└ @ Base.Docs docs/Docs.jl:243
┌ Warning: Replacing docs for `GrugBot420.clear_nonjitter! :: Tuple{GrugBot420.Node}` in module `GrugBot420`
└ @ Base.Docs docs/Docs.jl:243
┌ Warning: Replacing docs for `GrugBot420.collect_nonjitter_ids :: Tuple{}` in module `GrugBot420`
└ @ Base.Docs docs/Docs.jl:243
┌ Warning: Replacing docs for `GrugBot420.jitter_allowed_for :: Tuple{GrugBot420.Node, Float64}` in module `GrugBot420`
└ @ Base.Docs docs/Docs.jl:243
┌ Warning: Replacing docs for `GrugBot420.is_solidified :: Tuple{GrugBot420.Node}` in module `GrugBot420`
└ @ Base.Docs docs/Docs.jl:243
┌ Warning: Replacing docs for `GrugBot420.check_solidify_threshold! :: Tuple{GrugBot420.Node}` in module `GrugBot420`
└ @ Base.Docs docs/Docs.jl:243
┌ Warning: Replacing docs for `GrugBot420.bump_strength! :: Tuple{GrugBot420.Node}` in module `GrugBot420`
└ @ Base.Docs docs/Docs.jl:243
┌ Warning: Replacing docs for `GrugBot420.penalize_strength! :: Tuple{GrugBot420.Node}` in module `GrugBot420`
└ @ Base.Docs docs/Docs.jl:243
┌ Warning: Replacing docs for `GrugBot420.mark_node_grave! :: Tuple{GrugBot420.Node, String}` in module `GrugBot420`
└ @ Base.Docs docs/Docs.jl:243
┌ Warning: Replacing docs for `GrugBot420.mark_node_contributor! :: Tuple{GrugBot420.Node}` in module `GrugBot420`
└ @ Base.Docs docs/Docs.jl:243
┌ Warning: Replacing docs for `GrugBot420.try_link_nodes! :: Tuple{GrugBot420.Node, GrugBot420.Node}` in module `GrugBot420`
└ @ Base.Docs docs/Docs.jl:243
┌ Warning: Replacing docs for `GrugBot420.find_best_latch_target :: Tuple{GrugBot420.Node}` in module `GrugBot420`
└ @ Base.Docs docs/Docs.jl:243
┌ Warning: Replacing docs for `GrugBot420._token_overlap_similarity :: Tuple{String, String}` in module `GrugBot420`
└ @ Base.Docs docs/Docs.jl:243
┌ Warning: Replacing docs for `GrugBot420.next_group_id :: Tuple{}` in module `GrugBot420`
└ @ Base.Docs docs/Docs.jl:243
┌ Warning: Replacing docs for `GrugBot420.register_group! :: Tuple{GrugBot420.Node}` in module `GrugBot420`
└ @ Base.Docs docs/Docs.jl:243
┌ Warning: Replacing docs for `GrugBot420.add_to_group! :: Tuple{GrugBot420.NodeGroup, String}` in module `GrugBot420`
└ @ Base.Docs docs/Docs.jl:243
┌ Warning: Replacing docs for `GrugBot420.mark_group_grave_slot! :: Tuple{String}` in module `GrugBot420`
└ @ Base.Docs docs/Docs.jl:243
┌ Warning: Replacing docs for `GrugBot420.group_for :: Tuple{String}` in module `GrugBot420`
└ @ Base.Docs docs/Docs.jl:243
┌ Warning: Replacing docs for `GrugBot420.chatter_cooldown_remaining :: Tuple{String}` in module `GrugBot420`
└ @ Base.Docs docs/Docs.jl:243
┌ Warning: Replacing docs for `GrugBot420.stamp_chatter! :: Tuple{String}` in module `GrugBot420`
└ @ Base.Docs docs/Docs.jl:243
┌ Warning: Replacing docs for `GrugBot420.attach_node! :: Tuple{String, String, String}` in module `GrugBot420`
└ @ Base.Docs docs/Docs.jl:243
┌ Warning: Replacing docs for `GrugBot420.detach_node! :: Tuple{String, String}` in module `GrugBot420`
└ @ Base.Docs docs/Docs.jl:243
┌ Warning: Replacing docs for `GrugBot420.fire_attachments! :: Tuple{String, Int64, Int64}` in module `GrugBot420`
└ @ Base.Docs docs/Docs.jl:243
┌ Warning: Replacing docs for `GrugBot420.get_attachment_summary :: Tuple{}` in module `GrugBot420`
└ @ Base.Docs docs/Docs.jl:243
┌ Warning: Replacing docs for `GrugBot420.get_attachments_for_target :: Tuple{String}` in module `GrugBot420`
└ @ Base.Docs docs/Docs.jl:243
┌ Warning: Replacing docs for `GrugBot420.crystalize_attachment! :: Tuple{String, String}` in module `GrugBot420`
└ @ Base.Docs docs/Docs.jl:243
┌ Warning: Replacing docs for `GrugBot420.decrystalize_attachment! :: Tuple{String, String}` in module `GrugBot420`
└ @ Base.Docs docs/Docs.jl:243
┌ Warning: Replacing docs for `GrugBot420._semantic_truth_score :: Tuple{Any}` in module `GrugBot420`
└ @ Base.Docs docs/Docs.jl:243
┌ Warning: Replacing docs for `GrugBot420.auto_crystalize_sweep! :: Tuple{}` in module `GrugBot420`
└ @ Base.Docs docs/Docs.jl:243
┌ Warning: Replacing docs for `GrugBot420.is_crystalized :: Tuple{String, String}` in module `GrugBot420`
└ @ Base.Docs docs/Docs.jl:243
┌ Warning: Replacing docs for `GrugBot420._sdf_signal_similarity :: Tuple{Vector{Float64}, Vector{Float64}}` in module `GrugBot420`
└ @ Base.Docs docs/Docs.jl:243
┌ Warning: Replacing docs for `GrugBot420.attach_image_node! :: Tuple{String, String, Vector{UInt8}, Int64, Int64}` in module `GrugBot420`
└ @ Base.Docs docs/Docs.jl:243
┌ Warning: Replacing docs for `GrugBot420.reset_throttle! :: Tuple{GrugBot420.Node, Float64}` in module `GrugBot420`
└ @ Base.Docs docs/Docs.jl:243
┌ Warning: Replacing docs for `GrugBot420.create_node :: Tuple{String, String, Dict, Vector{String}}` in module `GrugBot420`
└ @ Base.Docs docs/Docs.jl:243
┌ Warning: Replacing docs for `GrugBot420.parse_action_packet :: Tuple{String}` in module `GrugBot420`
└ @ Base.Docs docs/Docs.jl:243
┌ Warning: Replacing docs for `GrugBot420.select_action :: Tuple{String}` in module `GrugBot420`
└ @ Base.Docs docs/Docs.jl:243
┌ Warning: Replacing docs for `GrugBot420.screen_input_complexity :: Tuple{Vector{Float64}, Vector{GrugBot420.RelationalTriple}}` in module `GrugBot420`
└ @ Base.Docs docs/Docs.jl:243
┌ Warning: Replacing docs for `GrugBot420._effective_scan_mode :: Tuple{Int64, Vector{Float64}}` in module `GrugBot420`
└ @ Base.Docs docs/Docs.jl:243
┌ Warning: Replacing docs for `GrugBot420._bidirectional_cheap_scan :: Tuple{Vector{Float64}, Vector{Float64}}` in module `GrugBot420`
└ @ Base.Docs docs/Docs.jl:243
┌ Warning: Replacing docs for `GrugBot420.collect_drop_table_neighbors :: Tuple{GrugBot420.Node}` in module `GrugBot420`
└ @ Base.Docs docs/Docs.jl:243
┌ Warning: Replacing docs for `GrugBot420.strength_biased_scan_coinflip :: Tuple{GrugBot420.Node}` in module `GrugBot420`
└ @ Base.Docs docs/Docs.jl:243
┌ Warning: Replacing docs for `GrugBot420.scan_specimens :: Tuple{String}` in module `GrugBot420`
└ @ Base.Docs docs/Docs.jl:243
┌ Warning: Replacing docs for `GrugBot420.scan_and_expand :: Tuple{String}` in module `GrugBot420`
└ @ Base.Docs docs/Docs.jl:243
┌ Warning: Replacing docs for `GrugBot420.cast_vote :: NTuple{5, Any}` in module `GrugBot420`
└ @ Base.Docs docs/Docs.jl:243
┌ Warning: Replacing docs for `GrugBot420.cast_explicit_vote :: Tuple{String, String}` in module `GrugBot420`
└ @ Base.Docs docs/Docs.jl:243
┌ Warning: Replacing docs for `GrugBot420.apply_right_feedback! :: Tuple{Vector{String}}` in module `GrugBot420`
└ @ Base.Docs docs/Docs.jl:243
┌ Warning: Replacing docs for `GrugBot420.ensure_action_packet_registered! :: Tuple{AbstractString}` in module `GrugBot420`
└ @ Base.Docs docs/Docs.jl:243
┌ Warning: Replacing docs for `GrugBot420.grow_nodes_from_packet :: Tuple{String}` in module `GrugBot420`
└ @ Base.Docs docs/Docs.jl:243
┌ Warning: Replacing docs for `GrugBot420.get_node_status_summary :: Tuple{}` in module `GrugBot420`
└ @ Base.Docs docs/Docs.jl:243
┌ Warning: Replacing docs for `GrugBot420.add_orchestration_rule! :: Tuple{String}` in module `GrugBot420`
└ @ Base.Docs docs/Docs.jl:243
┌ Warning: Replacing docs for `GrugBot420.count_alive_nodes_in_lobe :: Tuple{String}` in module `GrugBot420`
└ @ Base.Docs docs/Docs.jl:243
[ Info: [ENGINE] 🔮 Action=ACTION_QUERY | Tone=TONE_CURIOUS | Conf=0.53 | ArousalNudge=0.0 | Weight=1.32 [FRAME=exploratory/basic]
┌ Warning: [ENGINE] BUG-004: pattern longer than input — using cheap bidirectional scan.
│   node_id = "node_2"
│   pattern_len = 6
│   input_len = 4
└ @ GrugBot420 /workspace/grugbot420_repo/src/engine.jl:2990
┌ Warning: [MAIN v7.16 synthesis] Every synonym of 'fire' is inhibited (neg thesaurus or node drop_table). Emitting original to preserve content.
└ @ GrugBot420 /workspace/grugbot420_repo/src/Main.jl:1596
┌ Warning: [MAIN v7.16 synthesis] Every synonym of 'fire' is inhibited (neg thesaurus or node drop_table). Emitting original to preserve content.
└ @ GrugBot420 /workspace/grugbot420_repo/src/Main.jl:1596
[ Info: [ENGINE] 🔮 Action=ACTION_QUERY | Tone=TONE_CURIOUS | Conf=0.51 | ArousalNudge=0.0 | Weight=1.31 [FRAME=exploratory/basic]
┌ Warning: [MAIN v7.16 synthesis] Every synonym of 'rock' is inhibited (neg thesaurus or node drop_table). Emitting original to preserve content.
└ @ GrugBot420 /workspace/grugbot420_repo/src/Main.jl:1596
┌ Warning: [MAIN v7.16 synthesis] Every synonym of 'mountain' is inhibited (neg thesaurus or node drop_table). Emitting original to preserve content.
└ @ GrugBot420 /workspace/grugbot420_repo/src/Main.jl:1596
🧠 Default specimen detected at /workspace/grugbot420_repo/src/../grug-binary/default.specimen.gz — auto-loading...
  🧹 Wiping current cave state...
  ✅ Cave wiped clean. Beginning restore...
  🔢 ID counters restored (node=20, msg=38)
  🗳  Last voters restored (0 IDs)
  👁  Eye state restored
  🔧 Verb registry restored (5 classes, 22 verbs, 0 synonyms)
  🔤 Thesaurus restored (499 words)
  🧠 Lobes restored (7)
  📋 Lobe tables restored (7)
  🌱 Nodes restored (20)
  ⚡ Hopfield cache restored (0 entries)
  ⚙️  Rules restored (0)
  🚫 Inhibitions restored (0)
  💬 Messages restored (38 total, 3 pinned)
  👁  Arousal restored (level=0.3)
  🧬 BrainStem state restored
  🔗 Attachments restored (0)
  🔮 Trajectory restored (0 entries)
  🕐 Temporal coherence restored (0 entries)
  ⏳ Morph cooldowns restored (0 active)
  🛡 Immune system restored (0 signatures, 0 ledger entries)
  🤖 AIML system restored (0 nodes across 6 lobes)
  ✅ Default specimen restored.
    ╔══════════════════════════════════════════════════════════════╗
    ║            🧬 SPECIMEN LOADED SUCCESSFULLY                   ║
    ╠══════════════════════════════════════════════════════════════╣
      📁  File             : /workspace/grugbot420_repo/src/../grug-binary/default.specimen.gz
      📦  Compressed size  : 12556 bytes
      📄  JSON size        : 92213 bytes
  (Set GRUG_NO_AUTOLOAD=1 to skip this on next boot.)
System Online. Grug waiting at cave entrance for instructions.
Primary  : /mission <input>                    (text or image binary)
Feedback : /wrong                              (penalize last response voters)
Explicit : /explicit <cmd> [<node_id>] <input>
Grow     : /grow <lobe_id> <json_packet>      (plant node(s) into a lobe)
         :   • <lobe_id> is required — use `-` for unassigned pool
         :   • Single node: {"pattern":"...","action_packet":"...","data":{...}}
         :   • Multi node:  {"nodes":[{...},{...}]}
         :   • `data.system_prompt` defaults to "Grug speaks plainly." if absent
Rules    : /addRule <rule text> [prob=0.0-1.0]
           Tags: {MISSION}, {PRIMARY_ACTION}, {SURE_ACTIONS}, {UNSURE_ACTIONS},
                 {ALL_ACTIONS}, {CONFIDENCE}, {NODE_ID}, {MEMORY}, {LOBE_CONTEXT}
Memory   : /pin <text>
Nodes    : /nodes                              (show node map status)
Status   : /status                             (show chatter + system status)
Arousal  : /arousal <0.0-1.0>                 (set eye system arousal level)
Verbs    : /addVerb <verb> <class>             (add verb to relation class)
         : /addRelationClass <name>            (create new verb class bucket)
         : /addSynonym <canonical> <alias>     (normalize alias->canonical)
         : /listVerbs                          (show all verb classes + synonyms)
Lobes    : /newLobe <id> <subject>             (create a new subject lobe)
         : /connectLobes <id_a> <id_b>         (connect two lobes)
         : /lobeGrow <lobe_id> <json_packet>   (DEPRECATED — alias for /grow)
         : /lobes                              (list all lobes + node counts)
         : /tableStatus <lobe_id>              (show hash table chunks for a lobe)
         : /tableMatch <lobe_id> <chunk> <pat> (pattern-activate entries in chunk)
Thesaurus: /thesaurus <word1> | <word2>        (compare words/concepts dimensionally)
         : /thesaurus <w1> | <w2> :: <ctx1> :: <ctx2>  (with context lists)
NegThes  : /negativeThesaurus add|remove|list|check|flush
Attach   : /nodeAttach <lobe> <target> <id> <pat> ...  (attach nodes with relational fire patterns)
         : /nodeDetach <lobe> <target> <id>            (detach a node from target)
ImgAttach: /imgnodeAttach <lobe> <tgt> <id> <b64> [w h] (attach image node with SDF-based fire)
         : /imgnodeDetach <lobe> <target> <id>         (detach image node from target)
         : /attachments                         (show all node attachments)
Crystal  : /crystalize <lobe> <target> <attach>        (💎 mark attachment as sticky/user-locked)
         : /decrystalize <lobe> <target> <attach>      (🔓 remove sticky flag, restore coinflip)
Specimen : /saveSpecimen <filepath>            (save full cave state to compressed file)
         : /loadSpecimen <filepath>            (restore full cave state from compressed file)
Help     : /help                               (full command reference)

╔══════════════════════════════════════════════════════════════════╗
║  SPECIMEN SEEDING GUIDE (read before /grow)                     ║
╠══════════════════════════════════════════════════════════════════╣
║  Automatic neighbor latching is SUPPRESSED below 1000 nodes.   ║
║  Below that threshold, YOU control topology via drop_table.     ║
║                                                                  ║
║  For a coherent specimen from the start:                        ║
║  1. Seed ORTHOGONAL archetypes first - distinct semantic poles. ║
║     Don't plant 50 near-identical nodes up front.               ║
║  2. Use required_relations as semantic GATES from day one.      ║
║     Nodes that demand specific verbs won't fire on noise.       ║
║  3. Name action_packets deliberately - distinct action families ║
║     give the superposition orchestrator something to work with. ║
║  4. Wire drop_tables manually for known co-activation pairs.    ║
║     Don't rely on the latch system to discover semantics.       ║
║  5. Your first ~100 nodes are the specimen's DNA.               ║
║     The engine enforces structure at scale (1000+ nodes).       ║
║     You enforce MEANING at the start.                           ║
╚══════════════════════════════════════════════════════════════════╝

Brain > --> Grug thawing specimen from file...
  🧹 Wiping current cave state...
  ✅ Cave wiped clean. Beginning restore...
  🔢 ID counters restored (node=126, msg=256)
  🗳  Last voters restored (0 IDs)
  👁  Eye state restored
  🔧 Verb registry restored (6 classes, 40 verbs, 0 synonyms)
  🔤 Thesaurus restored (499 words)
  🧠 Lobes restored (16)
  📋 Lobe tables restored (16)
  🌱 Nodes restored (126)
  ⚡ Hopfield cache restored (0 entries)
  ⚙️  Rules restored (0)
  🚫 Inhibitions restored (0)
  💬 Messages restored (256 total, 8 pinned)
  👁  Arousal restored (level=0.3)
  🧬 BrainStem state restored
  🔗 Attachments restored (0)
  🗣  Chatter groups restored (106)
  🔮 Trajectory restored (0 entries)
  🕐 Temporal coherence restored (0 entries)
  ⏳ Morph cooldowns restored (0 active)
  🛡 Immune system restored (0 signatures, 0 ledger entries)
  🤖 AIML system restored (0 nodes across 15 lobes)

╔══════════════════════════════════════════════════════════════╗
║            🧬 SPECIMEN LOADED SUCCESSFULLY                   ║
╠══════════════════════════════════════════════════════════════╣
  📁  File             : /workspace/grug_test/kitchen_sink_v17_descriptive_votes/kitchen_sink.specimen.gz
  📦  Compressed size  : 54407 bytes
  📄  JSON size        : 523024 bytes
  ⏱️   Time             : 0.13s
  ─────────────────────────────────────────────
  🌱  Nodes            : 126
  🧠  Lobes            : 16
  📋  Lobe tables      : 16
  ⚡  Hopfield entries  : 0
  ⚙️   Rules            : 0
  💬  Messages         : 256 (8 pinned)
  🔧  Verb classes     : 6 (40 verbs)
  🔤  Thesaurus words  : 499
  🚫  Inhibitions      : 0
  🔗  Attachments      : 0
  🤖  AIML nodes       : 0 (15 lobes)
  👁   Arousal          : 0.3
  🔢  ID counters      : node=126, msg=256
  ─────────────────────────────────────────────
  🧹  Previous state   : WIPED (full brain transplant)
╚══════════════════════════════════════════════════════════════╝

Brain > 👁  Arousal set to 0.3. Eye system updated.

Brain > --> Scanning specimens & looking for dialectical relations...
[ORCHESTRATOR] 🎯 Lobe Curve (base × top = score):
  👑 explanation: base=2.057 × top=2.982 = 23.3219 [hard_votes=7]
  ↗ knowledge: base=2.056 × top=2.982 = 23.3199 [hard_votes=7]
  ↗ identity: base=2.238 × top=3.101 = 23.3016 [hard_votes=6]
  · default: base=2.898 × top=2.898 = 8.3959 [hard_votes=1]
  · celebration: base=0.379 × top=0.379 = 0.1433 [hard_votes=0]
  · survival: base=0.25 × top=0.25 = 0.0625 [hard_votes=0]
  · reasoning: base=0.25 × top=0.25 = 0.0625 [hard_votes=0]
--> 26 valid votes passed gate... compiling JIT superposition...

🤖 AIML Output Scaffold:
[Grug describe fire directly] Here is the picture: fire scares wolf but must stay in ring. The link is clear: say about fire. I am not fully locked in — small rock throw big rock build, food is meat root fruit and berry, food can heal hunger or hurt belly if rotten, food shared tastes better than food alone, what is rock: rock hard stone from earth, wolf dangerous near dark edge of camp, what is water: water wet life drink, wolf fur teeth and hungry eyes, rock can cut when sharp and crush when heavy, describe, and what is fire: fire hot light that eats wood is also on the table.
--- DEBUG TELEMETRY (orchestration internals, not for speech) ---
Mission: 'tell me about fire'
Primary Action: fire scares wolf but must stay in ring  (conf=4.83, certainty=UNSURE)
Sure Actions: [fire scares wolf but must stay in ring, fire hot and burns wood, fire hot and burns wood]
Unsure Actions (Coinflip Side-Features): [small rock throw big rock build, food is meat root fruit and berry, food can heal hunger or hurt belly if rotten, food shared tastes better than food alone, what is rock: rock hard stone from earth, wolf dangerous near dark edge of camp, small rock throw big rock build, what is water: water wet life drink, wolf fur teeth and hungry eyes, what is water: water wet life drink, wolf dangerous near dark edge of camp, rock can cut when sharp and crush when heavy, describe, what is fire: fire hot light that eats wood]
Constraints: [cold, wet, stone, dark, clean, silent, freeze, raw, alone, safe, gentle, harmless, starves, slow, still, self-fed, attracts-wolf, loose, wild, instant, water, no-air, always-friend, safe-ignored, tame, moon, empty]
Winning Node: node_67
Lobe Context: [explanation (25/25 active (describe rocks | what is fire | describe water))] | [identity (24/24 active (goodness | describe wolf | describe food))] | [knowledge (23/23 active (what is food | tell about fire | what are rocks))]
User Triples: (tell, about, fire)
Node Triples: (tell, about, fire), (tell, about, fire), (fire, is, described)
Anti-Match Detected: false
Tied Alternatives (not selected):
  🪨 node_66 | action=fire hot and burns wood | conf=4.83 | relations=(tell, about, fire), (tell, about, fire), (fire, is, described)
  🪨 node_100 | action=fire hot and burns wood | conf=4.83 | relations=(tell, about, fire), (tell, about, fire), (fire, is, described)
Other Possibilities (strong but not winners):
  🔸 node_77 | action=small rock throw big rock build | conf=2.55 | relations=(tell, about, rock), (tell, about, rock), (rock, is, described)
  🔸 node_97 | action=food is meat root fruit and berry | conf=2.53 | relations=(tell, about, food), (tell, about, food), (food, is, described)
  🔸 node_96 | action=food can heal hunger or hurt belly if rotten | conf=2.53 | relations=(tell, about, food), (tell, about, food), (food, is, described)
  🔸 node_115 | action=food shared tastes better than food alone | conf=2.53 | relations=(tell, about, food), (tell, about, food), (food, is, described)
  🔸 node_79 | action=what is rock: rock hard stone from earth | conf=2.5 | relations=(tell, about, rocks), (tell, about, rock), (rock, is, described)
  🔸 node_91 | action=wolf dangerous near dark edge of camp | conf=2.5 | relations=(tell, about, wolf), (tell, about, wolf), (wolf, is, described)
  🔸 node_78 | action=small rock throw big rock build | conf=2.5 | relations=(tell, about, rocks), (tell, about, rock), (rock, is, described)
  🔸 node_84 | action=what is water: water wet life drink | conf=2.5 | relations=(tell, about, water), (tell, about, water), (water, is, described)
  🔸 node_90 | action=wolf fur teeth and hungry eyes | conf=2.5 | relations=(tell, about, wolf), (tell, about, wolf), (wolf, is, described)
  🔸 node_109 | action=what is water: water wet life drink | conf=2.5 | relations=(tell, about, water), (tell, about, water), (water, is, described)
  🔸 node_112 | action=wolf dangerous near dark edge of camp | conf=2.5 | relations=(tell, about, wolf), (tell, about, wolf), (wolf, is, described)
  🔸 node_106 | action=rock can cut when sharp and crush when heavy | conf=2.5 | relations=(tell, about, rocks), (tell, about, rock), (rock, is, described)
  🔸 node_13 | action=describe | conf=0.6 | relations=None
  🔸 node_23 | action=what is fire: fire hot light that eats wood | conf=0.6 | relations=(fire, makes, heat), (fire, cooks, meat), (fire, scares, wolf), (fire, eats, wood)
AIML Memory Bank:
Deep Memory (Pinned): [User_Pinned]: Grug speak plain. Grug not pretend smart. | [User_Pinned]: Many rocks compete. Loudest rock get to talk. | [User_Pinned]: Grug listen first, talk second. | [User_Pinned]: Grug speak plain. Grug not pretend smart. | [User_Pinned]: Many rocks compete. Loudest rock get to talk. | [User_Pinned]: Grug listen first, talk second. | [User_Pinned]: Tribe stronger than lone hunter. | [User_Pinned]: Hot rock burn. Soft skin remember.
Fresh Memory [threshold=0.67 eligible=7] (Recent): [System]: 🌱 Tribe expanded! Grug planted 1 new nodes into lobe 'knowledge': [node_88] (intensity=0.67)
Memory-Pull Policy: pull_fresh=true — vote certainty=UNSURE — context helps disambiguate
Lobe Curve (base × top = score):
  👑 explanation: base=2.057 × top=2.982 = 23.3219 [hard_votes=7]
  ↗ knowledge: base=2.056 × top=2.982 = 23.3199 [hard_votes=7]
  ↗ identity: base=2.238 × top=3.101 = 23.3016 [hard_votes=6]
  · default: base=2.898 × top=2.898 = 8.3959 [hard_votes=1]
  · celebration: base=0.379 × top=0.379 = 0.1433 [hard_votes=0]
  · survival: base=0.25 × top=0.25 = 0.0625 [hard_votes=0]
  · reasoning: base=0.25 × top=0.25 = 0.0625 [hard_votes=0]
Passthrough Lobes: [knowledge, identity]
=========================================

Brain > --> Grug thawing specimen from file...
  🧹 Wiping current cave state...
  ✅ Cave wiped clean. Beginning restore...
  🔢 ID counters restored (node=126, msg=256)
  🗳  Last voters restored (0 IDs)
  👁  Eye state restored
  🔧 Verb registry restored (6 classes, 40 verbs, 0 synonyms)
  🔤 Thesaurus restored (499 words)
  🧠 Lobes restored (16)
  📋 Lobe tables restored (16)
  🌱 Nodes restored (126)
  ⚡ Hopfield cache restored (0 entries)
  ⚙️  Rules restored (0)
  🚫 Inhibitions restored (0)
  💬 Messages restored (256 total, 8 pinned)
  👁  Arousal restored (level=0.3)
  🧬 BrainStem state restored
  🔗 Attachments restored (0)
  🗣  Chatter groups restored (106)
  🔮 Trajectory restored (0 entries)
  🕐 Temporal coherence restored (0 entries)
  ⏳ Morph cooldowns restored (0 active)
  🛡 Immune system restored (0 signatures, 0 ledger entries)
  🤖 AIML system restored (0 nodes across 15 lobes)

╔══════════════════════════════════════════════════════════════╗
║            🧬 SPECIMEN LOADED SUCCESSFULLY                   ║
╠══════════════════════════════════════════════════════════════╣
  📁  File             : /workspace/grug_test/kitchen_sink_v17_descriptive_votes/kitchen_sink.specimen.gz
  📦  Compressed size  : 54407 bytes
  📄  JSON size        : 523024 bytes
  ⏱️   Time             : 0.01s
  ─────────────────────────────────────────────
  🌱  Nodes            : 126
  🧠  Lobes            : 16
  📋  Lobe tables      : 16
  ⚡  Hopfield entries  : 0
  ⚙️   Rules            : 0
  💬  Messages         : 256 (8 pinned)
  🔧  Verb classes     : 6 (40 verbs)
  🔤  Thesaurus words  : 499
  🚫  Inhibitions      : 0
  🔗  Attachments      : 0
  🤖  AIML nodes       : 0 (15 lobes)
  👁   Arousal          : 0.3
  🔢  ID counters      : node=126, msg=256
  ─────────────────────────────────────────────
  🧹  Previous state   : WIPED (full brain transplant)
╚══════════════════════════════════════════════════════════════╝

Brain > 👁  Arousal set to 0.3. Eye system updated.

Brain > --> Scanning specimens & looking for dialectical relations...
[ORCHESTRATOR] 🎯 Lobe Curve (base × top = score):
  👑 identity: base=2.126 × top=2.845 = 14.6562 [hard_votes=6]
  ↗ knowledge: base=2.127 × top=2.846 = 14.6513 [hard_votes=6]
  ↗ explanation: base=1.956 × top=2.775 = 14.647 [hard_votes=7]
  · reasoning: base=0.25 × top=0.25 = 0.0625 [hard_votes=0]
--> 25 valid votes passed gate... compiling JIT superposition...

🤖 AIML Output Scaffold:
[Grug describe rock directly] Here is the picture: rock comes from mountain and keeps old memory. The link is clear: converse about rocks. I am not fully locked in — what is rock: rock hard stone from earth, rock is sleeping mountain piece in grug hand, water can save thirst or pull grug under, food keeps tribe alive tomorrow, wolf teaches hunter patience and tracks, fire warms tribe and cooks meat, water feeds fish plant and tribe, food shared tastes better than food alone, fire is light that moves and needs food, what is wolf: wolf pack hunter with teeth, describe, and rock hard earth that holds shape is also on the table. Pinned note: Many rocks compete. Loudest rock get to talk.
--- DEBUG TELEMETRY (orchestration internals, not for speech) ---
Mission: 'tell me about rocks'
Primary Action: rock comes from mountain and keeps old memory  (conf=3.83, certainty=UNSURE)
Sure Actions: [rock comes from mountain and keeps old memory, rock is sleeping mountain piece in grug hand, rock heavy and useful for tool wall and hammer]
Unsure Actions (Coinflip Side-Features): [what is rock: rock hard stone from earth, rock is sleeping mountain piece in grug hand, water can save thirst or pull grug under, food keeps tribe alive tomorrow, wolf teaches hunter patience and tracks, fire warms tribe and cooks meat, water feeds fish plant and tribe, food shared tastes better than food alone, fire is light that moves and needs food, fire is light that moves and needs food, what is wolf: wolf pack hunter with teeth, water feeds fish plant and tribe, food keeps tribe alive tomorrow, describe, rock hard earth that holds shape, rock hard earth that holds shape, rock hard earth that holds shape]
Constraints: [soft, liquid, drifting, light, useless, weak, young, forgetful, sky, fragile, bends, exposes, dull, harmless, feather, fast, restless, awake, cloud, water, only-small, only-big, no-use, smooth, certain, fire]
Winning Node: node_106
Lobe Context: [explanation (25/25 active (describe rocks | what is fire | describe water))] | [identity (24/24 active (goodness | describe wolf | describe food))] | [knowledge (23/23 active (what is food | tell about fire | what are rocks))]
User Triples: (tell, about, rocks)
Node Triples: (tell, about, rocks), (tell, about, rock), (rock, is, described)
Anti-Match Detected: false
Tied Alternatives (not selected):
  🪨 node_78 | action=rock is sleeping mountain piece in grug hand | conf=3.83 | relations=(tell, about, rocks), (tell, about, rock), (rock, is, described)
  🪨 node_79 | action=rock heavy and useful for tool wall and hammer | conf=3.83 | relations=(tell, about, rocks), (tell, about, rock), (rock, is, described)
Other Possibilities (strong but not winners):
  🔸 node_76 | action=what is rock: rock hard stone from earth | conf=2.56 | relations=(tell, about, rock), (tell, about, rock), (rock, is, described)
  🔸 node_105 | action=rock is sleeping mountain piece in grug hand | conf=2.55 | relations=(tell, about, rock), (tell, about, rock), (rock, is, described)
  🔸 node_109 | action=water can save thirst or pull grug under | conf=2.5 | relations=(tell, about, water), (tell, about, water), (water, is, described)
  🔸 node_115 | action=food keeps tribe alive tomorrow | conf=2.5 | relations=(tell, about, food), (tell, about, food), (food, is, described)
  🔸 node_112 | action=wolf teaches hunter patience and tracks | conf=2.5 | relations=(tell, about, wolf), (tell, about, wolf), (wolf, is, described)
  🔸 node_100 | action=fire warms tribe and cooks meat | conf=2.5 | relations=(tell, about, fire), (tell, about, fire), (fire, is, described)
  🔸 node_84 | action=water feeds fish plant and tribe | conf=2.5 | relations=(tell, about, water), (tell, about, water), (water, is, described)
  🔸 node_96 | action=food shared tastes better than food alone | conf=2.5 | relations=(tell, about, food), (tell, about, food), (food, is, described)
  🔸 node_66 | action=fire is light that moves and needs food | conf=2.5 | relations=(tell, about, fire), (tell, about, fire), (fire, is, described)
  🔸 node_67 | action=fire is light that moves and needs food | conf=2.5 | relations=(tell, about, fire), (tell, about, fire), (fire, is, described)
  🔸 node_91 | action=what is wolf: wolf pack hunter with teeth | conf=2.5 | relations=(tell, about, wolf), (tell, about, wolf), (wolf, is, described)
  🔸 node_85 | action=water feeds fish plant and tribe | conf=2.5 | relations=(tell, about, water), (tell, about, water), (water, is, described)
  🔸 node_97 | action=food keeps tribe alive tomorrow | conf=2.5 | relations=(tell, about, food), (tell, about, food), (food, is, described)
  🔸 node_13 | action=describe | conf=0.6 | relations=None
  🔸 node_102 | action=rock hard earth that holds shape | conf=0.38 | relations=(what, are, rocks), (what, are, rock), (rock, is, described)
  🔸 node_70 | action=rock hard earth that holds shape | conf=0.38 | relations=(what, are, rocks), (what, are, rock), (rock, is, described)
  🔸 node_71 | action=rock hard earth that holds shape | conf=0.38 | relations=(what, are, rocks), (what, are, rock), (rock, is, described)
AIML Memory Bank:
Deep Memory (Pinned): [User_Pinned]: Grug speak plain. Grug not pretend smart. | [User_Pinned]: Many rocks compete. Loudest rock get to talk. | [User_Pinned]: Grug listen first, talk second. | [User_Pinned]: Grug speak plain. Grug not pretend smart. | [User_Pinned]: Many rocks compete. Loudest rock get to talk. | [User_Pinned]: Grug listen first, talk second. | [User_Pinned]: Tribe stronger than lone hunter. | [User_Pinned]: Hot rock burn. Soft skin remember.
Fresh Memory [threshold=0.67 eligible=10] (Recent): [System]: /grow explanation [JSON MAP PACKET] (intensity=0.67) | [System]: 🌱 Tribe expanded! Grug planted 1 new nodes into lobe 'memory': [node_50] (intensity=0.67)
Memory-Pull Policy: pull_fresh=true — vote certainty=UNSURE — context helps disambiguate
Lobe Curve (base × top = score):
  👑 identity: base=2.126 × top=2.845 = 14.6562 [hard_votes=6]
  ↗ knowledge: base=2.127 × top=2.846 = 14.6513 [hard_votes=6]
  ↗ explanation: base=1.956 × top=2.775 = 14.647 [hard_votes=7]
  · reasoning: base=0.25 × top=0.25 = 0.0625 [hard_votes=0]
Passthrough Lobes: [knowledge, explanation]
=========================================

Brain > [GRUG] 👋 /quit received. Cave closes. Goodbye.
